2026-07-24 14:34:18,409 [INFO] bot: Starting bot | symbol=BTCUSD resolution=1m dry_run=False testnet=True
2026-07-24 14:34:18,410 [INFO] bot: Market data source : https://api.india.delta.exchange (real market)
2026-07-24 14:34:18,410 [INFO] bot: Order execution on : https://cdn-ind.testnet.deltaex.org (your account)
2026-07-24 14:34:18,885 [INFO] bot: Product resolved: id=84 contract_value=0.001
2026-07-24 14:34:19,379 [WARNING] bot: Could not set leverage (continuing anyway): 401: {'error': {'code': 'ip_not_whitelisted_for_api_key', 'context': {'client_ip': '103.207.65.104'}}, 'success': False}
2026-07-24 14:34:21,125 [INFO] bot: Candle 2026-07-24 09:04:00 | close=65264.50 ema_fast=65275.06 ema_slow=65300.22 rsi=25.3 atr=14.92
2026-07-24 14:34:21,297 [ERROR] bot: API error in cycle: 401: {'error': {'code': 'ip_not_whitelisted_for_api_key', 'context': {'client_ip': '103.207.65.104'}}, 'success': False}
2026-07-24 14:35:02,901 [INFO] bot: Candle 2026-07-24 09:05:00 | close=65181.00 ema_fast=65224.93 ema_slow=65272.84 rsi=16.4 atr=19.56
2026-07-24 14:35:03,094 [ERROR] bot: API error in cycle: 401: {'error': {'code': 'ip_not_whitelisted_for_api_key', 'context': {'client_ip': '103.207.65.104'}}, 'success': False}
2026-07-24 14:36:02,156 [INFO] bot: Candle 2026-07-24 09:06:00 | close=65110.00 ema_fast=65170.39 ema_slow=65240.64 rsi=12.7 atr=23.19
2026-07-24 14:36:02,338 [ERROR] bot: API error in cycle: 401: {'error': {'code': 'ip_not_whitelisted_for_api_key', 'context': {'client_ip': '103.207.65.104'}}, 'success': False}
2026-07-24 14:37:04,169 [INFO] bot: Candle 2026-07-24 09:07:00 | close=65110.50 ema_fast=65150.32 ema_slow=65221.99 rsi=12.8 atr=23.66
2026-07-24 14:37:04,351 [ERROR] bot: API error in cycle: 401: {'error': {'code': 'ip_not_whitelisted_for_api_key', 'context': {'client_ip': '103.207.65.104'}}, 'success': False}
2026-07-24 14:37:53,023 [INFO] bot: Stop requested via control panel, exiting.
2026-07-24 14:37:53,026 [INFO] bot: Bot stopped cleanly.
2026-07-24 14:38:04,467 [INFO] bot: Starting bot | symbol=BTCUSD resolution=1m dry_run=False testnet=True
2026-07-24 14:38:04,467 [INFO] bot: Market data source : https://api.india.delta.exchange (real market)
2026-07-24 14:38:04,467 [INFO] bot: Order execution on : https://cdn-ind.testnet.deltaex.org (your account)
2026-07-24 14:38:04,938 [INFO] bot: Product resolved: id=84 contract_value=0.001
2026-07-24 14:38:05,137 [WARNING] bot: Could not set leverage (continuing anyway): 401: {'error': {'code': 'ip_not_whitelisted_for_api_key', 'context': {'client_ip': '103.207.65.104'}}, 'success': False}
2026-07-24 14:38:05,754 [INFO] bot: Candle 2026-07-24 09:08:00 | close=65123.50 ema_fast=65144.71 ema_slow=65209.76 rsi=17.6 atr=27.12
2026-07-24 14:38:05,920 [ERROR] bot: API error in cycle: 401: {'error': {'code': 'ip_not_whitelisted_for_api_key', 'context': {'client_ip': '103.207.65.104'}}, 'success': False}
2026-07-24 14:39:03,298 [INFO] bot: Candle 2026-07-24 09:09:00 | close=65118.50 ema_fast=65134.64 ema_slow=65195.98 rsi=17.6 atr=26.88
2026-07-24 14:39:03,476 [ERROR] bot: API error in cycle: 401: {'error': {'code': 'ip_not_whitelisted_for_api_key', 'context': {'client_ip': '103.207.65.104'}}, 'success': False}
2026-07-24 14:40:03,029 [INFO] bot: Candle 2026-07-24 09:10:00 | close=65107.50 ema_fast=65123.15 ema_slow=65182.00 rsi=16.5 atr=25.76
2026-07-24 14:40:03,209 [ERROR] bot: API error in cycle: 401: {'error': {'code': 'ip_not_whitelisted_for_api_key', 'context': {'client_ip': '103.207.65.104'}}, 'success': False}
2026-07-24 14:41:00,984 [INFO] bot: Candle 2026-07-24 09:11:00 | close=65091.50 ema_fast=65109.04 ema_slow=65167.11 rsi=15.4 atr=26.31
2026-07-24 14:41:01,153 [ERROR] bot: API error in cycle: 401: {'error': {'code': 'ip_not_whitelisted_for_api_key', 'context': {'client_ip': '103.207.65.104'}}, 'success': False}
2026-07-24 14:42:02,960 [INFO] bot: Candle 2026-07-24 09:12:00 | close=65078.50 ema_fast=65095.97 ema_slow=65152.86 rsi=14.6 atr=27.45
2026-07-24 14:42:03,138 [ERROR] bot: API error in cycle: 401: {'error': {'code': 'ip_not_whitelisted_for_api_key', 'context': {'client_ip': '103.207.65.104'}}, 'success': False}
2026-07-24 14:43:02,604 [INFO] bot: Candle 2026-07-24 09:13:00 | close=65080.00 ema_fast=65090.98 ema_slow=65142.63 rsi=15.2 atr=25.92
2026-07-24 14:43:02,784 [ERROR] bot: API error in cycle: 401: {'error': {'code': 'ip_not_whitelisted_for_api_key', 'context': {'client_ip': '103.207.65.104'}}, 'success': False}
2026-07-24 14:44:02,382 [INFO] bot: Candle 2026-07-24 09:14:00 | close=65057.00 ema_fast=65077.10 ema_slow=65128.99 rsi=13.6 atr=26.28
2026-07-24 14:44:02,561 [ERROR] bot: API error in cycle: 401: {'error': {'code': 'ip_not_whitelisted_for_api_key', 'context': {'client_ip': '103.207.65.104'}}, 'success': False}
2026-07-24 14:45:02,568 [INFO] bot: Candle 2026-07-24 09:15:00 | close=65021.50 ema_fast=65050.90 ema_slow=65109.41 rsi=11.7 atr=26.87
2026-07-24 14:45:02,751 [ERROR] bot: API error in cycle: 401: {'error': {'code': 'ip_not_whitelisted_for_api_key', 'context': {'client_ip': '103.207.65.104'}}, 'success': False}
2026-07-24 14:46:02,484 [INFO] bot: Candle 2026-07-24 09:16:00 | close=64988.00 ema_fast=65020.82 ema_slow=65087.05 rsi=12.5 atr=30.96
2026-07-24 14:46:02,656 [ERROR] bot: API error in cycle: 401: {'error': {'code': 'ip_not_whitelisted_for_api_key', 'context': {'client_ip': '103.207.65.104'}}, 'success': False}
2026-07-24 14:47:02,219 [INFO] bot: Candle 2026-07-24 09:17:00 | close=65033.50 ema_fast=65035.27 ema_slow=65085.03 rsi=25.5 atr=32.63
2026-07-24 14:47:02,400 [ERROR] bot: API error in cycle: 401: {'error': {'code': 'ip_not_whitelisted_for_api_key', 'context': {'client_ip': '103.207.65.104'}}, 'success': False}
2026-07-24 14:48:04,358 [INFO] bot: Candle 2026-07-24 09:18:00 | close=65010.50 ema_fast=65022.46 ema_slow=65071.87 rsi=23.6 atr=32.17
2026-07-24 14:48:04,535 [ERROR] bot: API error in cycle: 401: {'error': {'code': 'ip_not_whitelisted_for_api_key', 'context': {'client_ip': '103.207.65.104'}}, 'success': False}
2026-07-24 14:49:03,237 [INFO] bot: Candle 2026-07-24 09:19:00 | close=64990.00 ema_fast=65007.08 ema_slow=65057.67 rsi=22.1 atr=31.37
2026-07-24 14:49:03,422 [ERROR] bot: API error in cycle: 401: {'error': {'code': 'ip_not_whitelisted_for_api_key', 'context': {'client_ip': '103.207.65.104'}}, 'success': False}
2026-07-24 14:50:03,440 [INFO] bot: Candle 2026-07-24 09:20:00 | close=64977.00 ema_fast=64994.17 ema_slow=65044.55 rsi=21.1 atr=33.13
2026-07-24 14:50:03,620 [ERROR] bot: API error in cycle: 401: {'error': {'code': 'ip_not_whitelisted_for_api_key', 'context': {'client_ip': '103.207.65.104'}}, 'success': False}
2026-07-24 14:51:03,258 [INFO] bot: Candle 2026-07-24 09:21:00 | close=64977.50 ema_fast=64988.50 ema_slow=65034.91 rsi=21.4 atr=32.46
2026-07-24 14:51:03,427 [ERROR] bot: API error in cycle: 401: {'error': {'code': 'ip_not_whitelisted_for_api_key', 'context': {'client_ip': '103.207.65.104'}}, 'success': False}
2026-07-24 14:52:03,210 [INFO] bot: Candle 2026-07-24 09:22:00 | close=64961.50 ema_fast=64975.72 ema_slow=65022.34 rsi=20.1 atr=32.13
2026-07-24 14:52:03,381 [ERROR] bot: API error in cycle: 401: {'error': {'code': 'ip_not_whitelisted_for_api_key', 'context': {'client_ip': '103.207.65.104'}}, 'success': False}
2026-07-24 14:53:03,243 [INFO] bot: Candle 2026-07-24 09:23:00 | close=64940.50 ema_fast=64958.54 ema_slow=65007.65 rsi=19.2 atr=32.41
2026-07-24 14:53:03,424 [ERROR] bot: API error in cycle: 401: {'error': {'code': 'ip_not_whitelisted_for_api_key', 'context': {'client_ip': '103.207.65.104'}}, 'success': False}
2026-07-24 14:54:03,045 [INFO] bot: Candle 2026-07-24 09:24:00 | close=64969.50 ema_fast=64968.86 ema_slow=65005.87 rsi=27.5 atr=32.19
2026-07-24 14:54:03,228 [ERROR] bot: API error in cycle: 401: {'error': {'code': 'ip_not_whitelisted_for_api_key', 'context': {'client_ip': '103.207.65.104'}}, 'success': False}
2026-07-24 14:55:03,095 [INFO] bot: Candle 2026-07-24 09:25:00 | close=64951.50 ema_fast=64958.85 ema_slow=64995.78 rsi=25.9 atr=31.36
2026-07-24 14:55:03,272 [ERROR] bot: API error in cycle: 401: {'error': {'code': 'ip_not_whitelisted_for_api_key', 'context': {'client_ip': '103.207.65.104'}}, 'success': False}
2026-07-24 14:56:03,078 [INFO] bot: Candle 2026-07-24 09:26:00 | close=64986.00 ema_fast=64975.57 ema_slow=64998.61 rsi=34.3 atr=33.27
2026-07-24 14:56:03,258 [ERROR] bot: API error in cycle: 401: {'error': {'code': 'ip_not_whitelisted_for_api_key', 'context': {'client_ip': '103.207.65.104'}}, 'success': False}
2026-07-24 14:57:02,818 [INFO] bot: Candle 2026-07-24 09:27:00 | close=64979.50 ema_fast=64975.66 ema_slow=64995.20 rsi=33.5 atr=32.49
2026-07-24 14:57:02,999 [ERROR] bot: API error in cycle: 401: {'error': {'code': 'ip_not_whitelisted_for_api_key', 'context': {'client_ip': '103.207.65.104'}}, 'success': False}
2026-07-24 14:58:02,449 [INFO] bot: Candle 2026-07-24 09:28:00 | close=64966.00 ema_fast=64969.66 ema_slow=64989.50 rsi=31.9 atr=31.13
2026-07-24 14:58:02,624 [ERROR] bot: API error in cycle: 401: {'error': {'code': 'ip_not_whitelisted_for_api_key', 'context': {'client_ip': '103.207.65.104'}}, 'success': False}
2026-07-24 14:59:04,406 [INFO] bot: Candle 2026-07-24 09:29:00 | close=64948.50 ema_fast=64959.61 ema_slow=64981.99 rsi=29.9 atr=31.06
2026-07-24 14:59:04,585 [ERROR] bot: API error in cycle: 401: {'error': {'code': 'ip_not_whitelisted_for_api_key', 'context': {'client_ip': '103.207.65.104'}}, 'success': False}
2026-07-24 15:00:04,278 [INFO] bot: Candle 2026-07-24 09:30:00 | close=64960.00 ema_fast=64959.74 ema_slow=64978.85 rsi=33.1 atr=30.56
2026-07-24 15:00:04,444 [ERROR] bot: API error in cycle: 401: {'error': {'code': 'ip_not_whitelisted_for_api_key', 'context': {'client_ip': '103.207.65.104'}}, 'success': False}
2026-07-24 15:01:02,089 [INFO] bot: Candle 2026-07-24 09:31:00 | close=64968.00 ema_fast=64964.27 ema_slow=64978.28 rsi=35.1 atr=29.31
2026-07-24 15:02:04,190 [INFO] bot: Candle 2026-07-24 09:32:00 | close=64956.50 ema_fast=64959.12 ema_slow=64973.76 rsi=33.5 atr=28.64
2026-07-24 15:02:04,584 [INFO] bot: Already in a position, skipping signal check.
2026-07-24 15:03:01,889 [INFO] bot: Candle 2026-07-24 09:33:00 | close=64969.50 ema_fast=64965.25 ema_slow=64974.62 rsi=37.0 atr=29.45
2026-07-24 15:03:02,326 [INFO] bot: Already in a position, skipping signal check.
2026-07-24 15:04:04,444 [INFO] bot: Candle 2026-07-24 09:34:00 | close=64964.50 ema_fast=64966.67 ema_slow=64974.09 rsi=36.9 atr=30.30
2026-07-24 15:04:04,843 [INFO] bot: Already in a position, skipping signal check.
2026-07-24 15:05:02,448 [INFO] bot: Candle 2026-07-24 09:35:00 | close=64970.00 ema_fast=64969.00 ema_slow=64974.18 rsi=37.8 atr=29.86
2026-07-24 15:05:02,850 [INFO] bot: Already in a position, skipping signal check.
2026-07-24 15:06:02,192 [INFO] bot: Candle 2026-07-24 09:36:00 | close=64957.00 ema_fast=64961.89 ema_slow=64970.01 rsi=35.8 atr=29.76
2026-07-24 15:06:02,725 [INFO] bot: Using fixed lot size from settings: 20
2026-07-24 15:06:02,726 [INFO] bot: SIGNAL SHORT | real_market_price=64957.00 exec_price(testnet)=64655.80 sl=64685.56 tp=64611.17 size=20
2026-07-24 15:06:02,933 [ERROR] bot: Order placement failed: 400: {'error': {'code': 'insufficient_margin', 'context': {'margin_mode': 'isolated', 'asset_symbol': 'USD', 'available_balance': '121.575229199085557633', 'required_additional_balance': '9.93747145'}}, 'success': False}
2026-07-24 15:07:02,758 [INFO] bot: Candle 2026-07-24 09:37:00 | close=64982.50 ema_fast=64974.43 ema_slow=64974.92 rsi=42.7 atr=29.32
2026-07-24 15:08:02,716 [INFO] bot: Candle 2026-07-24 09:38:00 | close=64984.00 ema_fast=64978.17 ema_slow=64976.52 rsi=43.1 atr=28.49
2026-07-24 15:09:03,096 [INFO] bot: Candle 2026-07-24 09:39:00 | close=64967.00 ema_fast=64970.89 ema_slow=64973.20 rsi=39.8 atr=28.39
2026-07-24 15:09:03,581 [INFO] bot: Using fixed lot size from settings: 20
2026-07-24 15:09:03,582 [INFO] bot: SIGNAL SHORT | real_market_price=64967.00 exec_price(testnet)=64655.80 sl=64684.19 tp=64613.22 size=20
2026-07-24 15:09:03,814 [ERROR] bot: Order placement failed: 400: {'error': {'code': 'insufficient_margin', 'context': {'margin_mode': 'isolated', 'asset_symbol': 'USD', 'available_balance': '121.575229199085557633', 'required_additional_balance': '9.94840526'}}, 'success': False}
2026-07-24 15:10:01,113 [INFO] bot: Candle 2026-07-24 09:40:00 | close=65024.00 ema_fast=65001.15 ema_slow=64987.38 rsi=52.8 atr=30.87
2026-07-24 15:10:01,578 [INFO] bot: Using fixed lot size from settings: 20
2026-07-24 15:10:01,578 [INFO] bot: SIGNAL LONG | real_market_price=65024.00 exec_price(testnet)=64655.80 sl=64624.93 tp=64702.11 size=20
2026-07-24 15:10:01,822 [ERROR] bot: Order placement failed: 400: {'error': {'code': 'insufficient_margin', 'context': {'margin_mode': 'isolated', 'asset_symbol': 'USD', 'available_balance': '121.575229199085557633', 'required_additional_balance': '9.99195784'}}, 'success': False}
2026-07-24 15:11:03,630 [INFO] bot: Candle 2026-07-24 09:41:00 | close=65054.50 ema_fast=65025.93 ema_slow=65000.82 rsi=57.9 atr=32.25
2026-07-24 15:11:04,159 [INFO] bot: Using fixed lot size from settings: 20
2026-07-24 15:11:04,159 [INFO] bot: SIGNAL LONG | real_market_price=65054.50 exec_price(testnet)=64655.80 sl=64623.55 tp=64704.18 size=20
2026-07-24 15:11:04,366 [ERROR] bot: Order placement failed: 400: {'error': {'code': 'insufficient_margin', 'context': {'margin_mode': 'isolated', 'asset_symbol': 'USD', 'available_balance': '121.575229199085557633', 'required_additional_balance': '10.06035552'}}, 'success': False}
2026-07-24 15:12:01,794 [INFO] bot: Candle 2026-07-24 09:42:00 | close=65046.00 ema_fast=65030.73 ema_slow=65006.24 rsi=56.1 atr=30.81
2026-07-24 15:12:02,374 [INFO] bot: Using fixed lot size from settings: 20
2026-07-24 15:12:02,375 [INFO] bot: SIGNAL LONG | real_market_price=65046.00 exec_price(testnet)=64655.80 sl=64624.99 tp=64702.02 size=20
2026-07-24 15:12:02,714 [ERROR] bot: Order placement failed: 400: {'error': {'code': 'insufficient_margin', 'context': {'margin_mode': 'isolated', 'asset_symbol': 'USD', 'available_balance': '121.575229199085557633', 'required_additional_balance': '10.03850064'}}, 'success': False}
2026-07-24 15:13:02,041 [INFO] bot: Candle 2026-07-24 09:43:00 | close=65062.50 ema_fast=65045.99 ema_slow=65016.85 rsi=58.5 atr=30.66
2026-07-24 15:13:02,456 [INFO] bot: Using fixed lot size from settings: 20
2026-07-24 15:13:02,457 [INFO] bot: SIGNAL LONG | real_market_price=65062.50 exec_price(testnet)=64655.80 sl=64625.14 tp=64701.78 size=20
2026-07-24 15:13:02,683 [ERROR] bot: Order placement failed: 400: {'error': {'code': 'insufficient_margin', 'context': {'margin_mode': 'isolated', 'asset_symbol': 'USD', 'available_balance': '121.575229199085557633', 'required_additional_balance': '10.06541452'}}, 'success': False}
2026-07-24 15:14:04,353 [INFO] bot: Candle 2026-07-24 09:44:00 | close=65067.00 ema_fast=65055.44 ema_slow=65025.36 rsi=58.9 atr=30.46
2026-07-24 15:14:04,921 [INFO] bot: Using fixed lot size from settings: 20
2026-07-24 15:14:04,922 [INFO] bot: SIGNAL LONG | real_market_price=65067.00 exec_price(testnet)=64655.80 sl=64625.34 tp=64701.48 size=20
2026-07-24 15:14:05,302 [ERROR] bot: Order placement failed: 400: {'error': {'code': 'insufficient_margin', 'context': {'margin_mode': 'isolated', 'asset_symbol': 'USD', 'available_balance': '121.575229199085557633', 'required_additional_balance': '10.08059152'}}, 'success': False}
2026-07-24 15:15:02,798 [INFO] bot: Candle 2026-07-24 09:45:00 | close=65057.50 ema_fast=65054.01 ema_slow=65028.79 rsi=56.7 atr=28.98
2026-07-24 15:15:03,271 [INFO] bot: Using fixed lot size from settings: 20
2026-07-24 15:15:03,271 [INFO] bot: SIGNAL LONG | real_market_price=65057.50 exec_price(testnet)=64655.80 sl=64626.82 tp=64699.27 size=20
2026-07-24 15:15:03,480 [ERROR] bot: Order placement failed: 400: {'error': {'code': 'insufficient_margin', 'context': {'margin_mode': 'isolated', 'asset_symbol': 'USD', 'available_balance': '121.575229199085557633', 'required_additional_balance': '10.05630832'}}, 'success': False}
2026-07-24 15:16:03,327 [INFO] bot: Candle 2026-07-24 09:46:00 | close=65062.50 ema_fast=65057.73 ema_slow=65034.09 rsi=57.6 atr=27.58
2026-07-24 15:16:03,813 [INFO] bot: Using fixed lot size from settings: 20
2026-07-24 15:16:03,813 [INFO] bot: SIGNAL LONG | real_market_price=65062.50 exec_price(testnet)=64655.80 sl=64628.22 tp=64697.16 size=20
2026-07-24 15:16:04,016 [ERROR] bot: Order placement failed: 400: {'error': {'code': 'insufficient_margin', 'context': {'margin_mode': 'isolated', 'asset_symbol': 'USD', 'available_balance': '121.575229199085557633', 'required_additional_balance': '10.06460508'}}, 'success': False}
2026-07-24 15:17:01,354 [INFO] bot: Candle 2026-07-24 09:47:00 | close=65107.50 ema_fast=65085.99 ema_slow=65051.01 rsi=63.8 atr=29.62
2026-07-24 15:17:01,851 [INFO] bot: Using fixed lot size from settings: 20
2026-07-24 15:17:01,851 [INFO] bot: SIGNAL LONG | real_market_price=65107.50 exec_price(testnet)=64655.80 sl=64626.18 tp=64700.24 size=20
2026-07-24 15:17:02,056 [ERROR] bot: Order placement failed: 400: {'error': {'code': 'insufficient_margin', 'context': {'margin_mode': 'isolated', 'asset_symbol': 'USD', 'available_balance': '71.95139701908555763300000000', 'required_additional_balance': '59.78617714'}}, 'success': False}
2026-07-24 15:18:03,776 [INFO] bot: Candle 2026-07-24 09:48:00 | close=65080.00 ema_fast=65077.88 ema_slow=65051.78 rsi=57.8 atr=29.60
2026-07-24 15:18:04,156 [INFO] bot: Already in a position, skipping signal check.
2026-07-24 15:19:01,553 [INFO] bot: Candle 2026-07-24 09:49:00 | close=65064.50 ema_fast=65069.98 ema_slow=65051.70 rsi=54.7 atr=28.89
2026-07-24 15:19:01,949 [INFO] bot: Already in a position, skipping signal check.
2026-07-24 15:20:03,956 [INFO] bot: Candle 2026-07-24 09:50:00 | close=65067.00 ema_fast=65069.76 ema_slow=65054.32 rsi=55.0 atr=28.09
2026-07-24 15:20:04,360 [INFO] bot: Already in a position, skipping signal check.
2026-07-24 15:21:03,167 [INFO] bot: Candle 2026-07-24 09:51:00 | close=65091.00 ema_fast=65081.84 ema_slow=65062.31 rsi=59.1 atr=27.81
2026-07-24 15:21:03,613 [INFO] bot: Already in a position, skipping signal check.
2026-07-24 15:22:05,343 [INFO] bot: Candle 2026-07-24 09:52:00 | close=65096.50 ema_fast=65087.17 ema_slow=65067.44 rsi=60.0 atr=27.14
2026-07-24 15:22:05,735 [INFO] bot: Already in a position, skipping signal check.
2026-07-24 15:23:03,462 [INFO] bot: Candle 2026-07-24 09:53:00 | close=65112.50 ema_fast=65098.95 ema_slow=65075.71 rsi=62.5 atr=26.64
2026-07-24 15:23:03,929 [INFO] bot: Already in a position, skipping signal check.
2026-07-24 15:24:02,513 [INFO] bot: Candle 2026-07-24 09:54:00 | close=65100.50 ema_fast=65097.02 ema_slow=65077.91 rsi=59.5 atr=25.93
2026-07-24 15:24:03,224 [INFO] bot: Already in a position, skipping signal check.
2026-07-24 15:25:06,230 [INFO] bot: Candle 2026-07-24 09:55:00 | close=65105.00 ema_fast=65100.68 ema_slow=65082.33 rsi=60.4 atr=24.31
2026-07-24 15:25:06,626 [INFO] bot: Already in a position, skipping signal check.
2026-07-24 15:26:01,941 [INFO] bot: Candle 2026-07-24 09:56:00 | close=65101.50 ema_fast=65102.06 ema_slow=65085.68 rsi=58.9 atr=23.75
2026-07-24 15:26:02,336 [INFO] bot: Already in a position, skipping signal check.
2026-07-24 15:27:02,089 [INFO] bot: Candle 2026-07-24 09:57:00 | close=65103.00 ema_fast=65102.49 ema_slow=65088.22 rsi=59.2 atr=22.26
2026-07-24 15:27:02,508 [INFO] bot: Already in a position, skipping signal check.
2026-07-24 15:28:04,427 [INFO] bot: Candle 2026-07-24 09:58:00 | close=65086.00 ema_fast=65093.21 ema_slow=65085.82 rsi=54.6 atr=21.96
2026-07-24 15:28:04,804 [INFO] bot: Already in a position, skipping signal check.
2026-07-24 15:29:02,200 [INFO] bot: Candle 2026-07-24 09:59:00 | close=65091.00 ema_fast=65093.59 ema_slow=65087.17 rsi=55.7 atr=20.79
2026-07-24 15:29:02,642 [INFO] bot: Already in a position, skipping signal check.
2026-07-24 15:30:02,079 [INFO] bot: Candle 2026-07-24 10:00:00 | close=65094.50 ema_fast=65094.67 ema_slow=65088.65 rsi=56.5 atr=20.40
2026-07-24 15:30:02,757 [INFO] bot: Already in a position, skipping signal check.
2026-07-24 15:31:02,644 [INFO] bot: Candle 2026-07-24 10:01:00 | close=65119.50 ema_fast=65108.61 ema_slow=65096.18 rsi=61.8 atr=22.33
2026-07-24 15:31:03,052 [INFO] bot: Already in a position, skipping signal check.
2026-07-24 15:32:02,572 [INFO] bot: Candle 2026-07-24 10:02:00 | close=65088.00 ema_fast=65095.63 ema_slow=65091.64 rsi=52.9 atr=23.41
2026-07-24 15:32:02,986 [INFO] bot: Already in a position, skipping signal check.
2026-07-24 15:33:02,838 [INFO] bot: Candle 2026-07-24 10:03:00 | close=65071.50 ema_fast=65083.70 ema_slow=65086.62 rsi=49.0 atr=23.47
2026-07-24 15:33:03,221 [INFO] bot: Already in a position, skipping signal check.
2026-07-24 15:34:02,773 [INFO] bot: Candle 2026-07-24 10:04:00 | close=65084.00 ema_fast=65086.58 ema_slow=65087.78 rsi=51.9 atr=23.58
2026-07-24 15:34:03,148 [INFO] bot: Already in a position, skipping signal check.
2026-07-24 15:35:05,240 [INFO] bot: Candle 2026-07-24 10:05:00 | close=65093.00 ema_fast=65090.72 ema_slow=65089.62 rsi=53.9 atr=23.62
2026-07-24 15:35:05,816 [INFO] bot: Using fixed lot size from settings: 20
2026-07-24 15:35:05,816 [INFO] bot: SIGNAL LONG | real_market_price=65093.00 exec_price(testnet)=64655.80 sl=64632.18 tp=64691.23 size=20
2026-07-24 15:35:06,017 [ERROR] bot: Order placement failed: 400: {'error': {'code': 'insufficient_margin', 'context': {'margin_mode': 'isolated', 'asset_symbol': 'USD', 'available_balance': '119.695254479085557633', 'required_additional_balance': '12.00771612'}}, 'success': False}
2026-07-24 15:36:01,188 [INFO] bot: Candle 2026-07-24 10:06:00 | close=65066.50 ema_fast=65076.53 ema_slow=65082.95 rsi=47.6 atr=23.90
2026-07-24 15:36:01,670 [INFO] bot: Using fixed lot size from settings: 20
2026-07-24 15:36:01,671 [INFO] bot: SIGNAL SHORT | real_market_price=65066.50 exec_price(testnet)=64655.80 sl=64679.70 tp=64619.96 size=20
2026-07-24 15:36:01,876 [ERROR] bot: Order placement failed: 400: {'error': {'code': 'insufficient_margin', 'context': {'margin_mode': 'isolated', 'asset_symbol': 'USD', 'available_balance': '119.695254479085557633', 'required_additional_balance': '12.03268028'}}, 'success': False}
2026-07-24 15:37:03,779 [INFO] bot: Candle 2026-07-24 10:07:00 | close=65066.00 ema_fast=65070.13 ema_slow=65078.94 rsi=48.0 atr=24.24
2026-07-24 15:37:04,847 [INFO] bot: Using fixed lot size from settings: 20
2026-07-24 15:37:04,847 [INFO] bot: SIGNAL SHORT | real_market_price=65066.00 exec_price(testnet)=64655.80 sl=64680.04 tp=64619.44 size=20
2026-07-24 15:37:05,120 [ERROR] bot: Order placement failed: 400: {'error': {'code': 'insufficient_margin', 'context': {'margin_mode': 'isolated', 'asset_symbol': 'USD', 'available_balance': '119.695254479085557633', 'required_additional_balance': '12.02761833'}}, 'success': False}
2026-07-24 15:38:05,731 [INFO] bot: Candle 2026-07-24 10:08:00 | close=65056.50 ema_fast=65064.14 ema_slow=65074.94 rsi=45.7 atr=23.32
2026-07-24 15:38:06,213 [INFO] bot: Using fixed lot size from settings: 20
2026-07-24 15:38:06,214 [INFO] bot: SIGNAL SHORT | real_market_price=65056.50 exec_price(testnet)=64655.80 sl=64679.12 tp=64620.82 size=20
2026-07-24 15:38:06,422 [ERROR] bot: Order placement failed: 400: {'error': {'code': 'insufficient_margin', 'context': {'margin_mode': 'isolated', 'asset_symbol': 'USD', 'available_balance': '119.695254479085557633', 'required_additional_balance': '11.99947389'}}, 'success': False}
2026-07-24 15:39:04,280 [INFO] bot: Candle 2026-07-24 10:09:00 | close=65045.50 ema_fast=65057.04 ema_slow=65070.24 rsi=43.2 atr=22.65
2026-07-24 15:39:04,717 [INFO] bot: Using fixed lot size from settings: 20
2026-07-24 15:39:04,721 [INFO] bot: SIGNAL SHORT | real_market_price=65045.50 exec_price(testnet)=64655.80 sl=64678.45 tp=64621.82 size=20
2026-07-24 15:39:04,922 [ERROR] bot: Order placement failed: 400: {'error': {'code': 'insufficient_margin', 'context': {'margin_mode': 'isolated', 'asset_symbol': 'USD', 'available_balance': '119.695254479085557633', 'required_additional_balance': '11.98287069'}}, 'success': False}
2026-07-24 15:40:02,329 [INFO] bot: Candle 2026-07-24 10:10:00 | close=65036.50 ema_fast=65046.19 ema_slow=65063.22 rsi=42.2 atr=23.17
2026-07-24 15:40:02,909 [INFO] bot: Already in a position, skipping signal check.
2026-07-24 15:41:03,390 [INFO] bot: Candle 2026-07-24 10:11:00 | close=65054.00 ema_fast=65052.68 ema_slow=65064.04 rsi=46.7 atr=22.68
2026-07-24 15:41:03,757 [INFO] bot: Already in a position, skipping signal check.
2026-07-24 15:42:03,225 [INFO] bot: Candle 2026-07-24 10:12:00 | close=65019.00 ema_fast=65035.46 ema_slow=65054.30 rsi=39.9 atr=23.45
2026-07-24 15:42:03,702 [INFO] bot: Already in a position, skipping signal check.
2026-07-24 15:43:03,161 [INFO] bot: Candle 2026-07-24 10:13:00 | close=64991.50 ema_fast=65015.03 ema_slow=65042.15 rsi=35.6 atr=24.37
2026-07-24 15:43:03,582 [INFO] bot: Already in a position, skipping signal check.
2026-07-24 15:44:03,587 [INFO] bot: Candle 2026-07-24 10:14:00 | close=64978.00 ema_fast=64999.68 ema_slow=65031.33 rsi=33.7 atr=23.63
2026-07-24 15:44:03,971 [INFO] bot: Already in a position, skipping signal check.
2026-07-24 15:45:03,582 [INFO] bot: Candle 2026-07-24 10:15:00 | close=64973.00 ema_fast=64991.35 ema_slow=65023.30 rsi=33.2 atr=23.21
2026-07-24 15:45:03,983 [INFO] bot: Already in a position, skipping signal check.
2026-07-24 15:46:01,362 [INFO] bot: Candle 2026-07-24 10:16:00 | close=64996.00 ema_fast=64998.01 ema_slow=65022.22 rsi=38.7 atr=23.34
2026-07-24 15:46:01,742 [INFO] bot: Already in a position, skipping signal check.
2026-07-24 15:47:03,394 [INFO] bot: Candle 2026-07-24 10:17:00 | close=64982.50 ema_fast=64989.84 ema_slow=65014.89 rsi=36.5 atr=22.68
2026-07-24 15:47:03,796 [INFO] bot: Already in a position, skipping signal check.
2026-07-24 15:48:03,265 [INFO] bot: Candle 2026-07-24 10:18:00 | close=64952.00 ema_fast=64970.45 ema_slow=65002.17 rsi=31.9 atr=23.12
2026-07-24 15:48:03,769 [INFO] bot: Already in a position, skipping signal check.
2026-07-24 15:49:01,288 [INFO] bot: Candle 2026-07-24 10:19:00 | close=64951.00 ema_fast=64963.74 ema_slow=64994.74 rsi=31.8 atr=22.03
2026-07-24 15:49:01,682 [INFO] bot: Already in a position, skipping signal check.
2026-07-24 15:50:03,675 [INFO] bot: Candle 2026-07-24 10:20:00 | close=64948.50 ema_fast=64957.88 ema_slow=64987.71 rsi=31.6 atr=20.86
2026-07-24 15:50:04,080 [INFO] bot: Already in a position, skipping signal check.
2026-07-24 15:51:03,855 [INFO] bot: Candle 2026-07-24 10:21:00 | close=64962.00 ema_fast=64964.81 ema_slow=64987.09 rsi=37.1 atr=21.85
2026-07-24 15:51:04,291 [INFO] bot: Already in a position, skipping signal check.
2026-07-24 15:52:01,846 [INFO] bot: Candle 2026-07-24 10:22:00 | close=64964.50 ema_fast=64965.26 ema_slow=64984.17 rsi=37.6 atr=21.29
2026-07-24 15:52:02,232 [INFO] bot: Already in a position, skipping signal check.
2026-07-24 15:53:06,222 [INFO] bot: Candle 2026-07-24 10:23:00 | close=64976.00 ema_fast=64971.18 ema_slow=64984.29 rsi=40.9 atr=20.60
2026-07-24 15:53:06,596 [INFO] bot: Already in a position, skipping signal check.
2026-07-24 15:54:04,009 [INFO] bot: Candle 2026-07-24 10:24:00 | close=64991.50 ema_fast=64981.39 ema_slow=64987.22 rsi=45.2 atr=20.76
2026-07-24 15:54:04,391 [INFO] bot: Already in a position, skipping signal check.
2026-07-24 15:55:01,970 [INFO] bot: Candle 2026-07-24 10:25:00 | close=64991.50 ema_fast=64984.76 ema_slow=64987.83 rsi=45.2 atr=20.21
2026-07-24 15:55:02,364 [INFO] bot: Already in a position, skipping signal check.
2026-07-24 15:56:04,183 [INFO] bot: Candle 2026-07-24 10:26:00 | close=64978.00 ema_fast=64979.29 ema_slow=64984.65 rsi=42.2 atr=20.23
2026-07-24 15:56:04,572 [INFO] bot: Already in a position, skipping signal check.
2026-07-24 15:57:03,942 [INFO] bot: Candle 2026-07-24 10:27:00 | close=64995.00 ema_fast=64988.30 ema_slow=64988.21 rsi=47.0 atr=20.71
2026-07-24 15:57:04,333 [INFO] bot: Already in a position, skipping signal check.
2026-07-24 15:58:01,572 [INFO] bot: Candle 2026-07-24 10:28:00 | close=64988.00 ema_fast=64986.65 ema_slow=64987.32 rsi=45.4 atr=20.39
2026-07-24 15:58:02,030 [INFO] bot: Already in a position, skipping signal check.
2026-07-24 15:59:03,839 [INFO] bot: Candle 2026-07-24 10:29:00 | close=64986.00 ema_fast=64989.10 ema_slow=64988.60 rsi=45.2 atr=21.29
2026-07-24 15:59:04,227 [INFO] bot: Already in a position, skipping signal check.
2026-07-24 16:00:06,325 [INFO] bot: Candle 2026-07-24 10:30:00 | close=64994.00 ema_fast=64991.84 ema_slow=64989.99 rsi=47.3 atr=19.99
2026-07-24 16:00:06,703 [INFO] bot: Already in a position, skipping signal check.
2026-07-24 16:01:02,048 [INFO] bot: Candle 2026-07-24 10:31:00 | close=65007.00 ema_fast=65000.01 ema_slow=64994.13 rsi=50.9 atr=21.65
2026-07-24 16:01:02,438 [INFO] bot: Already in a position, skipping signal check.
2026-07-24 16:02:04,098 [INFO] bot: Candle 2026-07-24 10:32:00 | close=65008.50 ema_fast=65003.39 ema_slow=64996.49 rsi=51.2 atr=21.24
2026-07-24 16:02:04,492 [INFO] bot: Already in a position, skipping signal check.
2026-07-24 16:03:04,425 [INFO] bot: Candle 2026-07-24 10:33:00 | close=64998.00 ema_fast=64999.04 ema_slow=64995.30 rsi=48.3 atr=20.85
2026-07-24 16:03:04,893 [INFO] bot: Already in a position, skipping signal check.
2026-07-24 16:04:02,894 [INFO] bot: Candle 2026-07-24 10:34:00 | close=65016.00 ema_fast=65008.92 ema_slow=65000.58 rsi=53.2 atr=20.93
2026-07-24 16:04:03,326 [INFO] bot: Already in a position, skipping signal check.
2026-07-24 16:05:02,974 [INFO] bot: Candle 2026-07-24 10:35:00 | close=64993.50 ema_fast=64998.78 ema_slow=64996.82 rsi=47.2 atr=21.26
2026-07-24 16:05:03,366 [INFO] bot: Already in a position, skipping signal check.
2026-07-24 16:06:03,093 [INFO] bot: Candle 2026-07-24 10:36:00 | close=64976.50 ema_fast=64987.57 ema_slow=64991.83 rsi=43.2 atr=20.90
2026-07-24 16:06:03,501 [INFO] bot: Already in a position, skipping signal check.
2026-07-24 16:07:03,068 [INFO] bot: Candle 2026-07-24 10:37:00 | close=65000.00 ema_fast=64996.72 ema_slow=64995.75 rsi=49.5 atr=21.04
2026-07-24 16:07:03,454 [INFO] bot: Already in a position, skipping signal check.
2026-07-24 16:08:02,965 [INFO] bot: Candle 2026-07-24 10:38:00 | close=65020.50 ema_fast=65009.20 ema_slow=65001.80 rsi=54.4 atr=20.90
2026-07-24 16:08:03,365 [INFO] bot: Already in a position, skipping signal check.
2026-07-24 16:09:07,649 [INFO] bot: Candle 2026-07-24 10:39:00 | close=65011.50 ema_fast=65008.19 ema_slow=65002.21 rsi=52.0 atr=20.54
2026-07-24 16:09:08,041 [INFO] bot: Already in a position, skipping signal check.
2026-07-24 16:10:03,514 [INFO] bot: Candle 2026-07-24 10:40:00 | close=64986.00 ema_fast=64995.79 ema_slow=64997.13 rsi=45.9 atr=20.78
2026-07-24 16:10:03,952 [INFO] bot: Already in a position, skipping signal check.
2026-07-24 16:11:05,555 [INFO] bot: Candle 2026-07-24 10:41:00 | close=65000.00 ema_fast=64998.42 ema_slow=64998.22 rsi=49.5 atr=20.63
2026-07-24 16:11:06,254 [INFO] bot: Already in a position, skipping signal check.
2026-07-24 16:12:03,785 [INFO] bot: Candle 2026-07-24 10:42:00 | close=65020.50 ema_fast=65010.33 ema_slow=65003.91 rsi=54.3 atr=20.52
2026-07-24 16:12:04,200 [INFO] bot: Already in a position, skipping signal check.
2026-07-24 16:13:01,746 [INFO] bot: Candle 2026-07-24 10:43:00 | close=65020.50 ema_fast=65013.72 ema_slow=65006.28 rsi=54.3 atr=19.12
2026-07-24 16:13:02,143 [INFO] bot: Already in a position, skipping signal check.
2026-07-24 16:14:04,146 [INFO] bot: Candle 2026-07-24 10:44:00 | close=65009.00 ema_fast=65009.59 ema_slow=65005.26 rsi=51.1 atr=18.58
2026-07-24 16:14:04,532 [INFO] bot: Already in a position, skipping signal check.
2026-07-24 16:15:01,895 [INFO] bot: Candle 2026-07-24 10:45:00 | close=64986.50 ema_fast=64999.23 ema_slow=65001.11 rsi=45.4 atr=18.86
2026-07-24 16:15:02,298 [INFO] bot: Already in a position, skipping signal check.
2026-07-24 16:16:04,524 [INFO] bot: Candle 2026-07-24 10:46:00 | close=64997.00 ema_fast=65001.04 ema_slow=65001.93 rsi=48.0 atr=18.09
2026-07-24 16:16:04,906 [INFO] bot: Already in a position, skipping signal check.
2026-07-24 16:17:03,504 [INFO] bot: Candle 2026-07-24 10:47:00 | close=65012.50 ema_fast=65008.53 ema_slow=65005.46 rsi=52.3 atr=18.16
2026-07-24 16:17:03,942 [INFO] bot: Already in a position, skipping signal check.
2026-07-24 16:18:03,581 [INFO] bot: Candle 2026-07-24 10:48:00 | close=65013.50 ema_fast=65010.85 ema_slow=65006.98 rsi=52.5 atr=17.14
2026-07-24 16:18:03,968 [INFO] bot: Already in a position, skipping signal check.
2026-07-24 16:19:04,175 [INFO] bot: Candle 2026-07-24 10:49:00 | close=65000.50 ema_fast=65004.51 ema_slow=65004.46 rsi=48.7 atr=17.11
2026-07-24 16:19:04,560 [INFO] bot: Already in a position, skipping signal check.
2026-07-24 16:20:10,647 [INFO] bot: Candle 2026-07-24 10:50:00 | close=65000.00 ema_fast=65003.12 ema_slow=65003.88 rsi=48.5 atr=16.19
2026-07-24 16:20:11,038 [INFO] bot: Already in a position, skipping signal check.
2026-07-24 16:21:04,291 [INFO] bot: Candle 2026-07-24 10:51:00 | close=64983.00 ema_fast=64991.52 ema_slow=64998.21 rsi=44.2 atr=16.85
2026-07-24 16:21:04,667 [INFO] bot: Already in a position, skipping signal check.
2026-07-24 16:22:01,951 [INFO] bot: Candle 2026-07-24 10:52:00 | close=64957.00 ema_fast=64974.02 ema_slow=64989.01 rsi=37.8 atr=18.11
2026-07-24 16:22:02,376 [INFO] bot: Already in a position, skipping signal check.
2026-07-24 16:23:04,276 [INFO] bot: Candle 2026-07-24 10:53:00 | close=64921.50 ema_fast=64952.29 ema_slow=64977.04 rsi=31.0 atr=19.35
2026-07-24 16:23:04,659 [INFO] bot: Already in a position, skipping signal check.
2026-07-24 16:24:02,550 [INFO] bot: Candle 2026-07-24 10:54:00 | close=64888.00 ema_fast=64923.19 ema_slow=64960.10 rsi=26.7 atr=20.53
2026-07-24 16:24:02,959 [INFO] bot: Already in a position, skipping signal check.
2026-07-24 16:25:04,885 [INFO] bot: Candle 2026-07-24 10:55:00 | close=64888.50 ema_fast=64913.41 ema_slow=64950.85 rsi=28.3 atr=21.26
2026-07-24 16:25:05,286 [INFO] bot: Already in a position, skipping signal check.
2026-07-24 16:26:02,624 [INFO] bot: Candle 2026-07-24 10:56:00 | close=64925.00 ema_fast=64925.16 ema_slow=64951.50 rsi=38.1 atr=21.67
2026-07-24 16:26:03,126 [INFO] bot: Already in a position, skipping signal check.
2026-07-24 16:27:02,943 [INFO] bot: Candle 2026-07-24 10:57:00 | close=64925.00 ema_fast=64925.11 ema_slow=64947.72 rsi=38.1 atr=20.12
2026-07-24 16:27:03,335 [INFO] bot: Already in a position, skipping signal check.
2026-07-24 16:28:02,854 [INFO] bot: Candle 2026-07-24 10:58:00 | close=64924.00 ema_fast=64924.52 ema_slow=64944.21 rsi=37.9 atr=18.75
2026-07-24 16:28:03,247 [INFO] bot: Already in a position, skipping signal check.
2026-07-24 16:29:02,900 [INFO] bot: Candle 2026-07-24 10:59:00 | close=64929.00 ema_fast=64927.34 ema_slow=64942.77 rsi=39.6 atr=17.88
2026-07-24 16:29:03,282 [INFO] bot: Already in a position, skipping signal check.
2026-07-24 16:30:03,312 [INFO] bot: Candle 2026-07-24 11:00:00 | close=64933.50 ema_fast=64930.40 ema_slow=64942.00 rsi=41.0 atr=17.24
2026-07-24 16:30:03,701 [INFO] bot: Already in a position, skipping signal check.
2026-07-24 16:31:03,173 [INFO] bot: Candle 2026-07-24 11:01:00 | close=64909.50 ema_fast=64917.87 ema_slow=64934.29 rsi=36.1 atr=18.83
2026-07-24 16:31:03,564 [INFO] bot: Already in a position, skipping signal check.
2026-07-24 16:32:01,114 [INFO] bot: Candle 2026-07-24 11:02:00 | close=64927.00 ema_fast=64924.81 ema_slow=64935.39 rsi=41.7 atr=19.38
2026-07-24 16:32:01,511 [INFO] bot: Already in a position, skipping signal check.
2026-07-24 16:33:03,402 [INFO] bot: Candle 2026-07-24 11:03:00 | close=64959.00 ema_fast=64943.31 ema_slow=64942.68 rsi=50.2 atr=21.94
2026-07-24 16:33:03,775 [INFO] bot: Already in a position, skipping signal check.
2026-07-24 16:34:01,519 [INFO] bot: Candle 2026-07-24 11:04:00 | close=64987.00 ema_fast=64963.99 ema_slow=64952.38 rsi=56.3 atr=22.47
2026-07-24 16:34:01,911 [INFO] bot: Already in a position, skipping signal check.
2026-07-24 16:35:03,526 [INFO] bot: Candle 2026-07-24 11:05:00 | close=64976.00 ema_fast=64965.55 ema_slow=64954.41 rsi=53.6 atr=21.93
2026-07-24 16:35:03,910 [INFO] bot: Already in a position, skipping signal check.
2026-07-24 16:36:03,600 [INFO] bot: Candle 2026-07-24 11:06:00 | close=65002.50 ema_fast=64983.75 ema_slow=64964.52 rsi=58.8 atr=22.16
2026-07-24 16:36:04,008 [INFO] bot: Already in a position, skipping signal check.
2026-07-24 16:37:05,733 [INFO] bot: Candle 2026-07-24 11:07:00 | close=64993.00 ema_fast=64984.72 ema_slow=64967.43 rsi=56.3 atr=22.47
2026-07-24 16:37:06,239 [INFO] bot: Already in a position, skipping signal check.
2026-07-24 16:38:01,534 [INFO] bot: Candle 2026-07-24 11:08:00 | close=64986.00 ema_fast=64984.26 ema_slow=64969.59 rsi=54.5 atr=21.91
2026-07-24 16:38:01,965 [INFO] bot: Already in a position, skipping signal check.
2026-07-24 16:39:03,989 [INFO] bot: Candle 2026-07-24 11:09:00 | close=64977.00 ema_fast=64981.84 ema_slow=64970.65 rsi=52.0 atr=21.65
2026-07-24 16:39:04,392 [INFO] bot: Already in a position, skipping signal check.
2026-07-24 16:40:02,027 [INFO] bot: Candle 2026-07-24 11:10:00 | close=64951.00 ema_fast=64965.56 ema_slow=64964.54 rsi=46.0 atr=21.97
2026-07-24 16:40:02,413 [INFO] bot: Already in a position, skipping signal check.
2026-07-24 16:41:02,329 [INFO] bot: Candle 2026-07-24 11:11:00 | close=64961.00 ema_fast=64966.04 ema_slow=64965.13 rsi=48.5 atr=22.13
2026-07-24 16:41:02,724 [INFO] bot: Already in a position, skipping signal check.
2026-07-24 16:42:02,916 [INFO] bot: Candle 2026-07-24 11:12:00 | close=64974.00 ema_fast=64971.58 ema_slow=64967.99 rsi=51.6 atr=21.47
2026-07-24 16:42:03,305 [INFO] bot: Already in a position, skipping signal check.
2026-07-24 16:43:05,387 [INFO] bot: Candle 2026-07-24 11:13:00 | close=64989.50 ema_fast=64981.00 ema_slow=64972.96 rsi=55.0 atr=21.04
2026-07-24 16:43:05,820 [INFO] bot: Already in a position, skipping signal check.
2026-07-24 16:44:03,408 [INFO] bot: Candle 2026-07-24 11:14:00 | close=64983.50 ema_fast=64983.28 ema_slow=64975.26 rsi=53.0 atr=21.29
2026-07-24 16:44:03,807 [INFO] bot: Already in a position, skipping signal check.
2026-07-24 16:45:03,813 [INFO] bot: Candle 2026-07-24 11:15:00 | close=64974.50 ema_fast=64978.35 ema_slow=64974.05 rsi=50.8 atr=20.44
2026-07-24 16:45:04,211 [INFO] bot: Already in a position, skipping signal check.
2026-07-24 16:46:03,821 [INFO] bot: Candle 2026-07-24 11:16:00 | close=65020.50 ema_fast=65003.85 ema_slow=64986.99 rsi=59.5 atr=22.86
2026-07-24 16:46:04,219 [INFO] bot: Already in a position, skipping signal check.
2026-07-24 16:47:05,145 [INFO] bot: Candle 2026-07-24 11:17:00 | close=65012.50 ema_fast=65004.73 ema_slow=64989.54 rsi=57.5 atr=22.72
2026-07-24 16:47:05,655 [INFO] bot: Using fixed lot size from settings: 20
2026-07-24 16:47:05,655 [INFO] bot: SIGNAL LONG | real_market_price=65012.50 exec_price(testnet)=64655.80 sl=64633.08 tp=64689.89 size=20
2026-07-24 16:47:05,854 [ERROR] bot: Order placement failed: 400: {'error': {'code': 'insufficient_margin', 'context': {'margin_mode': 'isolated', 'asset_symbol': 'USD', 'available_balance': '120.245153469085557633', 'required_additional_balance': '11.30240465'}}, 'success': False}
2026-07-24 16:48:03,226 [INFO] bot: Candle 2026-07-24 11:18:00 | close=65020.00 ema_fast=65011.49 ema_slow=64994.81 rsi=58.8 atr=22.00
2026-07-24 16:48:03,704 [INFO] bot: Using fixed lot size from settings: 20
2026-07-24 16:48:03,728 [INFO] bot: SIGNAL LONG | real_market_price=65020.00 exec_price(testnet)=64655.80 sl=64633.80 tp=64688.79 size=20
2026-07-24 16:48:03,927 [ERROR] bot: Order placement failed: 400: {'error': {'code': 'insufficient_margin', 'context': {'margin_mode': 'isolated', 'asset_symbol': 'USD', 'available_balance': '120.245153469085557633', 'required_additional_balance': '11.31029669'}}, 'success': False}
2026-07-24 16:49:03,402 [INFO] bot: Candle 2026-07-24 11:19:00 | close=65021.00 ema_fast=65013.88 ema_slow=64998.12 rsi=58.8 atr=20.98
2026-07-24 16:49:04,366 [INFO] bot: Using fixed lot size from settings: 20
2026-07-24 16:49:04,367 [INFO] bot: SIGNAL LONG | real_market_price=65021.00 exec_price(testnet)=64655.80 sl=64634.82 tp=64687.27 size=20
2026-07-24 16:49:04,569 [ERROR] bot: Order placement failed: 400: {'error': {'code': 'insufficient_margin', 'context': {'margin_mode': 'isolated', 'asset_symbol': 'USD', 'available_balance': '120.245153469085557633', 'required_additional_balance': '11.31717693'}}, 'success': False}
2026-07-24 16:50:03,367 [INFO] bot: Candle 2026-07-24 11:20:00 | close=65011.50 ema_fast=65010.75 ema_slow=64998.75 rsi=56.5 atr=20.22
2026-07-24 16:50:03,879 [INFO] bot: Using fixed lot size from settings: 20
2026-07-24 16:50:03,879 [INFO] bot: SIGNAL LONG | real_market_price=65011.50 exec_price(testnet)=64655.80 sl=64635.58 tp=64686.12 size=20
2026-07-24 16:50:04,085 [ERROR] bot: Order placement failed: 400: {'error': {'code': 'insufficient_margin', 'context': {'margin_mode': 'isolated', 'asset_symbol': 'USD', 'available_balance': '120.245153469085557633', 'required_additional_balance': '11.28277573'}}, 'success': False}
2026-07-24 16:51:03,902 [INFO] bot: Candle 2026-07-24 11:21:00 | close=65011.50 ema_fast=65008.11 ema_slow=64998.98 rsi=56.0 atr=20.56
2026-07-24 16:51:04,450 [INFO] bot: Using fixed lot size from settings: 20
2026-07-24 16:51:04,451 [INFO] bot: SIGNAL LONG | real_market_price=65011.50 exec_price(testnet)=64655.80 sl=64635.24 tp=64686.64 size=20
2026-07-24 16:51:04,773 [ERROR] bot: Order placement failed: 400: {'error': {'code': 'insufficient_margin', 'context': {'margin_mode': 'isolated', 'asset_symbol': 'USD', 'available_balance': '120.245153469085557633', 'required_additional_balance': '11.31697457'}}, 'success': False}
2026-07-24 16:52:04,476 [INFO] bot: Candle 2026-07-24 11:22:00 | close=65014.00 ema_fast=65010.63 ema_slow=65001.43 rsi=56.5 atr=19.92
2026-07-24 16:52:05,140 [INFO] bot: Using fixed lot size from settings: 20
2026-07-24 16:52:05,140 [INFO] bot: SIGNAL LONG | real_market_price=65014.00 exec_price(testnet)=64655.80 sl=64635.88 tp=64685.68 size=20
2026-07-24 16:52:05,345 [ERROR] bot: Order placement failed: 400: {'error': {'code': 'insufficient_margin', 'context': {'margin_mode': 'isolated', 'asset_symbol': 'USD', 'available_balance': '120.245153469085557633', 'required_additional_balance': '11.29835745'}}, 'success': False}
2026-07-24 16:53:03,203 [INFO] bot: Candle 2026-07-24 11:23:00 | close=65017.00 ema_fast=65013.42 ema_slow=65004.02 rsi=57.2 atr=18.76
2026-07-24 16:53:03,632 [INFO] bot: Using fixed lot size from settings: 20
2026-07-24 16:53:03,633 [INFO] bot: SIGNAL LONG | real_market_price=65017.00 exec_price(testnet)=64655.80 sl=64637.04 tp=64683.95 size=20
2026-07-24 16:53:03,831 [ERROR] bot: Order placement failed: 400: {'error': {'code': 'insufficient_margin', 'context': {'margin_mode': 'isolated', 'asset_symbol': 'USD', 'available_balance': '120.245153469085557633', 'required_additional_balance': '11.30058341'}}, 'success': False}
2026-07-24 16:54:05,567 [INFO] bot: Candle 2026-07-24 11:24:00 | close=65012.50 ema_fast=65012.34 ema_slow=65004.80 rsi=55.8 atr=18.79
2026-07-24 16:54:06,039 [INFO] bot: Using fixed lot size from settings: 20
2026-07-24 16:54:06,039 [INFO] bot: SIGNAL LONG | real_market_price=65012.50 exec_price(testnet)=64655.80 sl=64637.01 tp=64683.98 size=20
2026-07-24 16:54:06,239 [ERROR] bot: Order placement failed: 400: {'error': {'code': 'insufficient_margin', 'context': {'margin_mode': 'isolated', 'asset_symbol': 'USD', 'available_balance': '120.245153469085557633', 'required_additional_balance': '11.30078577'}}, 'success': False}
2026-07-24 16:55:03,489 [INFO] bot: Candle 2026-07-24 11:25:00 | close=65018.00 ema_fast=65015.67 ema_slow=65007.48 rsi=57.1 atr=17.88
2026-07-24 16:55:04,572 [INFO] bot: Using fixed lot size from settings: 20
2026-07-24 16:55:04,572 [INFO] bot: SIGNAL LONG | real_market_price=65018.00 exec_price(testnet)=64655.80 sl=64637.92 tp=64682.62 size=20
2026-07-24 16:55:04,784 [ERROR] bot: Order placement failed: 400: {'error': {'code': 'insufficient_margin', 'context': {'margin_mode': 'isolated', 'asset_symbol': 'USD', 'available_balance': '120.245153469085557633', 'required_additional_balance': '11.30827309'}}, 'success': False}
2026-07-24 16:56:02,468 [INFO] bot: Candle 2026-07-24 11:26:00 | close=65002.00 ema_fast=65007.56 ema_slow=65004.74 rsi=52.2 atr=18.14
2026-07-24 16:57:04,726 [INFO] bot: Candle 2026-07-24 11:27:00 | close=65019.50 ema_fast=65015.43 ema_slow=65008.99 rsi=56.6 atr=17.94
2026-07-24 16:57:05,407 [INFO] bot: Using fixed lot size from settings: 20
2026-07-24 16:57:05,408 [INFO] bot: SIGNAL LONG | real_market_price=65019.50 exec_price(testnet)=64655.80 sl=64637.86 tp=64682.70 size=20
2026-07-24 16:57:05,619 [ERROR] bot: Order placement failed: 400: {'error': {'code': 'insufficient_margin', 'context': {'margin_mode': 'isolated', 'asset_symbol': 'USD', 'available_balance': '120.245153469085557633', 'required_additional_balance': '11.29309609'}}, 'success': False}
2026-07-24 16:58:02,946 [INFO] bot: Candle 2026-07-24 11:28:00 | close=65034.00 ema_fast=65024.84 ema_slow=65014.34 rsi=59.9 atr=18.64
2026-07-24 16:58:03,318 [INFO] bot: Already in a position, skipping signal check.
2026-07-24 16:59:03,177 [INFO] bot: Candle 2026-07-24 11:29:00 | close=65027.50 ema_fast=65024.06 ema_slow=65015.30 rsi=57.7 atr=17.88
2026-07-24 16:59:03,567 [INFO] bot: Already in a position, skipping signal check.
2026-07-24 17:00:03,182 [INFO] bot: Candle 2026-07-24 11:30:00 | close=65004.50 ema_fast=65012.43 ema_slow=65010.94 rsi=50.9 atr=18.43
2026-07-24 17:00:03,583 [INFO] bot: Already in a position, skipping signal check.
2026-07-24 17:01:01,762 [INFO] bot: Candle 2026-07-24 11:31:00 | close=64996.00 ema_fast=65005.06 ema_slow=65007.77 rsi=48.6 atr=18.58
2026-07-24 17:01:02,253 [INFO] bot: Already in a position, skipping signal check.
2026-07-24 17:02:06,182 [INFO] bot: Candle 2026-07-24 11:32:00 | close=64972.00 ema_fast=64991.71 ema_slow=65001.37 rsi=42.5 atr=20.64
2026-07-24 17:02:06,638 [INFO] bot: Using fixed lot size from settings: 20
2026-07-24 17:02:06,638 [INFO] bot: SIGNAL SHORT | real_market_price=64972.00 exec_price(testnet)=64655.80 sl=64676.44 tp=64624.85 size=20
2026-07-24 17:02:06,844 [ERROR] bot: Order placement failed: 400: {'error': {'code': 'insufficient_margin', 'context': {'margin_mode': 'isolated', 'asset_symbol': 'USD', 'available_balance': '115.133462689085557633', 'required_additional_balance': '16.42013851'}}, 'success': False}
2026-07-24 17:03:02,095 [INFO] bot: Candle 2026-07-24 11:33:00 | close=65002.00 ema_fast=65001.03 ema_slow=65004.71 rsi=50.7 atr=22.66
2026-07-24 17:04:06,277 [INFO] bot: Candle 2026-07-24 11:34:00 | close=64999.50 ema_fast=64998.74 ema_slow=65002.98 rsi=50.1 atr=23.96
2026-07-24 17:05:03,811 [INFO] bot: Candle 2026-07-24 11:35:00 | close=64960.00 ema_fast=64977.16 ema_slow=64992.07 rsi=40.0 atr=25.50
2026-07-24 17:05:04,310 [INFO] bot: Using fixed lot size from settings: 20
2026-07-24 17:05:04,310 [INFO] bot: SIGNAL SHORT | real_market_price=64960.00 exec_price(testnet)=64655.80 sl=64681.30 tp=64617.55 size=20
2026-07-24 17:05:04,828 [ERROR] bot: Order placement failed: 400: {'error': {'code': 'insufficient_margin', 'context': {'margin_mode': 'isolated', 'asset_symbol': 'USD', 'available_balance': '115.133462689085557633', 'required_additional_balance': '16.36708928'}}, 'success': False}
2026-07-24 17:06:02,462 [INFO] bot: Candle 2026-07-24 11:36:00 | close=64949.00 ema_fast=64965.11 ema_slow=64984.45 rsi=37.9 atr=24.95
2026-07-24 17:06:02,945 [INFO] bot: Using fixed lot size from settings: 20
2026-07-24 17:06:02,945 [INFO] bot: SIGNAL SHORT | real_market_price=64949.00 exec_price(testnet)=64655.80 sl=64680.75 tp=64618.38 size=20
2026-07-24 17:06:03,145 [ERROR] bot: Order placement failed: 400: {'error': {'code': 'insufficient_margin', 'context': {'margin_mode': 'isolated', 'asset_symbol': 'USD', 'available_balance': '115.133462689085557633', 'required_additional_balance': '16.35332077'}}, 'success': False}
2026-07-24 17:07:03,374 [INFO] bot: Candle 2026-07-24 11:37:00 | close=64965.50 ema_fast=64967.02 ema_slow=64982.72 rsi=43.3 atr=26.06
2026-07-24 17:07:03,845 [INFO] bot: Using fixed lot size from settings: 20
2026-07-24 17:07:03,845 [INFO] bot: SIGNAL SHORT | real_market_price=64965.50 exec_price(testnet)=64655.80 sl=64681.86 tp=64616.71 size=20
2026-07-24 17:07:04,045 [ERROR] bot: Order placement failed: 400: {'error': {'code': 'insufficient_margin', 'context': {'margin_mode': 'isolated', 'asset_symbol': 'USD', 'available_balance': '115.133462689085557633', 'required_additional_balance': '16.38996929'}}, 'success': False}
2026-07-24 17:08:06,057 [INFO] bot: Candle 2026-07-24 11:38:00 | close=64955.50 ema_fast=64960.51 ema_slow=64977.36 rsi=40.5 atr=25.57
2026-07-24 17:08:06,527 [INFO] bot: Using fixed lot size from settings: 20
2026-07-24 17:08:06,527 [INFO] bot: SIGNAL SHORT | real_market_price=64955.50 exec_price(testnet)=64655.80 sl=64681.37 tp=64617.45 size=20
2026-07-24 17:08:06,726 [ERROR] bot: Order placement failed: 400: {'error': {'code': 'insufficient_margin', 'context': {'margin_mode': 'isolated', 'asset_symbol': 'USD', 'available_balance': '115.133462689085557633', 'required_additional_balance': '16.36546945'}}, 'success': False}
2026-07-24 17:09:01,707 [INFO] bot: Candle 2026-07-24 11:39:00 | close=64970.00 ema_fast=64967.12 ema_slow=64978.21 rsi=45.2 atr=25.01
2026-07-24 17:10:04,375 [INFO] bot: Candle 2026-07-24 11:40:00 | close=64981.50 ema_fast=64975.58 ema_slow=64980.70 rsi=48.6 atr=25.70
2026-07-24 17:11:02,118 [INFO] bot: Candle 2026-07-24 11:41:00 | close=64960.50 ema_fast=64965.89 ema_slow=64975.24 rsi=43.5 atr=25.26
2026-07-24 17:11:02,681 [INFO] bot: Using fixed lot size from settings: 20
2026-07-24 17:11:02,681 [INFO] bot: SIGNAL SHORT | real_market_price=64960.50 exec_price(testnet)=64655.80 sl=64681.06 tp=64617.91 size=20
2026-07-24 17:11:02,885 [ERROR] bot: Order placement failed: 400: {'error': {'code': 'insufficient_margin', 'context': {'margin_mode': 'isolated', 'asset_symbol': 'USD', 'available_balance': '115.133462689085557633', 'required_additional_balance': '16.38470486'}}, 'success': False}
2026-07-24 17:12:07,071 [INFO] bot: Candle 2026-07-24 11:42:00 | close=64963.00 ema_fast=64965.70 ema_slow=64973.92 rsi=44.3 atr=24.32
2026-07-24 17:12:07,514 [INFO] bot: Using fixed lot size from settings: 20
2026-07-24 17:12:07,514 [INFO] bot: SIGNAL SHORT | real_market_price=64963.00 exec_price(testnet)=64655.80 sl=64680.12 tp=64619.32 size=20
2026-07-24 17:12:07,710 [ERROR] bot: Order placement failed: 400: {'error': {'code': 'insufficient_margin', 'context': {'margin_mode': 'isolated', 'asset_symbol': 'USD', 'available_balance': '115.133462689085557633', 'required_additional_balance': '16.38490734'}}, 'success': False}
2026-07-24 17:13:02,973 [INFO] bot: Candle 2026-07-24 11:43:00 | close=64946.50 ema_fast=64955.63 ema_slow=64967.98 rsi=40.5 atr=23.81
2026-07-24 17:13:03,461 [INFO] bot: Using fixed lot size from settings: 20
2026-07-24 17:13:03,462 [INFO] bot: SIGNAL SHORT | real_market_price=64946.50 exec_price(testnet)=64655.80 sl=64679.61 tp=64620.08 size=20
2026-07-24 17:13:03,661 [ERROR] bot: Order placement failed: 400: {'error': {'code': 'insufficient_margin', 'context': {'margin_mode': 'isolated', 'asset_symbol': 'USD', 'available_balance': '115.133462689085557633', 'required_additional_balance': '16.36000255'}}, 'success': False}
2026-07-24 17:14:03,389 [INFO] bot: Candle 2026-07-24 11:44:00 | close=64943.00 ema_fast=64950.65 ema_slow=64963.99 rsi=39.7 atr=24.96
2026-07-24 17:14:03,855 [INFO] bot: Using fixed lot size from settings: 20
2026-07-24 17:14:03,855 [INFO] bot: SIGNAL SHORT | real_market_price=64943.00 exec_price(testnet)=64655.80 sl=64680.76 tp=64618.36 size=20
2026-07-24 17:14:04,055 [ERROR] bot: Order placement failed: 400: {'error': {'code': 'insufficient_margin', 'context': {'margin_mode': 'isolated', 'asset_symbol': 'USD', 'available_balance': '115.133462689085557633', 'required_additional_balance': '16.34785387'}}, 'success': False}
2026-07-24 17:15:01,364 [INFO] bot: Candle 2026-07-24 11:45:00 | close=64917.00 ema_fast=64933.87 ema_slow=64954.21 rsi=34.4 atr=25.57
2026-07-24 17:15:01,848 [INFO] bot: Using fixed lot size from settings: 20
2026-07-24 17:15:01,848 [INFO] bot: SIGNAL SHORT | real_market_price=64917.00 exec_price(testnet)=64655.80 sl=64681.37 tp=64617.44 size=20
2026-07-24 17:15:02,062 [ERROR] bot: Order placement failed: 400: {'error': {'code': 'insufficient_margin', 'context': {'margin_mode': 'isolated', 'asset_symbol': 'USD', 'available_balance': '115.133462689085557633', 'required_additional_balance': '16.2996641'}}, 'success': False}
2026-07-24 17:16:03,962 [INFO] bot: Candle 2026-07-24 11:46:00 | close=64888.50 ema_fast=64914.86 ema_slow=64942.68 rsi=29.6 atr=26.85
2026-07-24 17:16:04,663 [INFO] bot: Using fixed lot size from settings: 20
2026-07-24 17:16:04,664 [INFO] bot: SIGNAL SHORT | real_market_price=64888.50 exec_price(testnet)=64655.80 sl=64682.65 tp=64615.52 size=20
2026-07-24 17:16:04,969 [ERROR] bot: Order placement failed: 400: {'error': {'code': 'insufficient_margin', 'context': {'margin_mode': 'isolated', 'asset_symbol': 'USD', 'available_balance': '115.133462689085557633', 'required_additional_balance': '16.23871823'}}, 'success': False}
2026-07-24 17:17:02,584 [INFO] bot: Candle 2026-07-24 11:47:00 | close=64859.00 ema_fast=64889.35 ema_slow=64926.93 rsi=26.1 atr=28.66
2026-07-24 17:17:03,097 [INFO] bot: Using fixed lot size from settings: 20
2026-07-24 17:17:03,097 [INFO] bot: SIGNAL SHORT | real_market_price=64859.00 exec_price(testnet)=64655.80 sl=64684.46 tp=64612.82 size=20
2026-07-24 17:17:03,300 [ERROR] bot: Order placement failed: 400: {'error': {'code': 'insufficient_margin', 'context': {'margin_mode': 'isolated', 'asset_symbol': 'USD', 'available_balance': '115.133462689085557633', 'required_additional_balance': '16.18546651'}}, 'success': False}
2026-07-24 17:18:02,684 [INFO] bot: Candle 2026-07-24 11:48:00 | close=64836.00 ema_fast=64866.46 ema_slow=64911.12 rsi=23.2 atr=29.80
2026-07-24 17:18:03,189 [INFO] bot: Using fixed lot size from settings: 20
2026-07-24 17:18:03,189 [INFO] bot: SIGNAL SHORT | real_market_price=64836.00 exec_price(testnet)=64655.80 sl=64685.60 tp=64611.10 size=20
2026-07-24 17:18:03,395 [ERROR] bot: Order placement failed: 400: {'error': {'code': 'insufficient_margin', 'context': {'margin_mode': 'isolated', 'asset_symbol': 'USD', 'available_balance': '115.133462689085557633', 'required_additional_balance': '16.13282223'}}, 'success': False}
2026-07-24 17:19:01,861 [INFO] bot: Candle 2026-07-24 11:49:00 | close=64855.50 ema_fast=64866.92 ema_slow=64905.44 rsi=29.6 atr=29.50
2026-07-24 17:19:02,329 [INFO] bot: Using fixed lot size from settings: 20
2026-07-24 17:19:02,330 [INFO] bot: SIGNAL SHORT | real_market_price=64855.50 exec_price(testnet)=64655.80 sl=64685.30 tp=64611.55 size=20
2026-07-24 17:19:02,531 [ERROR] bot: Order placement failed: 400: {'error': {'code': 'insufficient_margin', 'context': {'margin_mode': 'isolated', 'asset_symbol': 'USD', 'available_balance': '115.133462689085557633', 'required_additional_balance': '16.16400384'}}, 'success': False}
2026-07-24 17:20:05,183 [INFO] bot: Candle 2026-07-24 11:50:00 | close=64912.50 ema_fast=64894.11 ema_slow=64913.06 rsi=44.2 atr=31.59
2026-07-24 17:21:02,912 [INFO] bot: Candle 2026-07-24 11:51:00 | close=64956.50 ema_fast=64924.68 ema_slow=64924.66 rsi=52.4 atr=32.32
2026-07-24 17:21:03,397 [INFO] bot: Using fixed lot size from settings: 20
2026-07-24 17:21:03,398 [INFO] bot: SIGNAL LONG | real_market_price=64956.50 exec_price(testnet)=64655.80 sl=64623.48 tp=64704.28 size=20
2026-07-24 17:21:03,618 [ERROR] bot: Order placement failed: 400: {'error': {'code': 'insufficient_margin', 'context': {'margin_mode': 'isolated', 'asset_symbol': 'USD', 'available_balance': '115.133462689085557633', 'required_additional_balance': '16.29814315'}}, 'success': False}
2026-07-24 17:22:03,653 [INFO] bot: Candle 2026-07-24 11:52:00 | close=64953.00 ema_fast=64933.35 ema_slow=64928.28 rsi=51.7 atr=31.04
2026-07-24 17:22:04,177 [INFO] bot: Using fixed lot size from settings: 20
2026-07-24 17:22:04,178 [INFO] bot: SIGNAL LONG | real_market_price=64953.00 exec_price(testnet)=64655.80 sl=64624.76 tp=64702.36 size=20
2026-07-24 17:22:04,387 [ERROR] bot: Order placement failed: 400: {'error': {'code': 'insufficient_margin', 'context': {'margin_mode': 'isolated', 'asset_symbol': 'USD', 'available_balance': '115.133462689085557633', 'required_additional_balance': '16.30178563'}}, 'success': False}
2026-07-24 17:23:04,636 [INFO] bot: Candle 2026-07-24 11:53:00 | close=64969.00 ema_fast=64948.56 ema_slow=64935.93 rsi=54.5 atr=30.35
2026-07-24 17:23:05,091 [INFO] bot: Using fixed lot size from settings: 20
2026-07-24 17:23:05,091 [INFO] bot: SIGNAL LONG | real_market_price=64969.00 exec_price(testnet)=64655.80 sl=64625.45 tp=64701.33 size=20
2026-07-24 17:23:05,289 [ERROR] bot: Order placement failed: 400: {'error': {'code': 'insufficient_margin', 'context': {'margin_mode': 'isolated', 'asset_symbol': 'USD', 'available_balance': '115.133462689085557633', 'required_additional_balance': '16.32525939'}}, 'success': False}
2026-07-24 17:24:02,456 [INFO] bot: Candle 2026-07-24 11:54:00 | close=65011.50 ema_fast=64978.99 ema_slow=64951.93 rsi=61.0 atr=31.61
2026-07-24 17:24:03,753 [INFO] bot: Using fixed lot size from settings: 20
2026-07-24 17:24:03,754 [INFO] bot: SIGNAL LONG | real_market_price=65011.50 exec_price(testnet)=64655.80 sl=64624.19 tp=64703.21 size=20
2026-07-24 17:24:03,953 [ERROR] bot: Order placement failed: 400: {'error': {'code': 'insufficient_margin', 'context': {'margin_mode': 'isolated', 'asset_symbol': 'USD', 'available_balance': '115.133462689085557633', 'required_additional_balance': '16.41672611'}}, 'success': False}
2026-07-24 17:25:01,997 [INFO] bot: Candle 2026-07-24 11:55:00 | close=65057.00 ema_fast=65015.10 ema_slow=64972.51 rsi=66.4 atr=32.40
2026-07-24 17:25:02,562 [INFO] bot: Using fixed lot size from settings: 20
2026-07-24 17:25:02,563 [INFO] bot: SIGNAL LONG | real_market_price=65057.00 exec_price(testnet)=64655.80 sl=64623.40 tp=64704.40 size=20
2026-07-24 17:25:02,768 [ERROR] bot: Order placement failed: 400: {'error': {'code': 'insufficient_margin', 'context': {'margin_mode': 'isolated', 'asset_symbol': 'USD', 'available_balance': '115.133462689085557633', 'required_additional_balance': '16.48593323'}}, 'success': False}
2026-07-24 17:26:03,491 [INFO] bot: Candle 2026-07-24 11:56:00 | close=65010.50 ema_fast=65004.35 ema_slow=64972.86 rsi=57.5 atr=33.59
2026-07-24 17:26:03,940 [INFO] bot: Using fixed lot size from settings: 20
2026-07-24 17:26:03,940 [INFO] bot: SIGNAL LONG | real_market_price=65010.50 exec_price(testnet)=64655.80 sl=64622.21 tp=64706.19 size=20
2026-07-24 17:26:04,138 [ERROR] bot: Order placement failed: 400: {'error': {'code': 'insufficient_margin', 'context': {'margin_mode': 'isolated', 'asset_symbol': 'USD', 'available_balance': '115.133462689085557633', 'required_additional_balance': '16.40458451'}}, 'success': False}
2026-07-24 17:27:03,730 [INFO] bot: Candle 2026-07-24 11:57:00 | close=65006.50 ema_fast=65002.73 ema_slow=64976.38 rsi=56.6 atr=32.39
2026-07-24 17:27:04,183 [INFO] bot: Using fixed lot size from settings: 20
2026-07-24 17:27:04,184 [INFO] bot: SIGNAL LONG | real_market_price=65006.50 exec_price(testnet)=64655.80 sl=64623.41 tp=64704.39 size=20
2026-07-24 17:27:04,387 [ERROR] bot: Order placement failed: 400: {'error': {'code': 'insufficient_margin', 'context': {'margin_mode': 'isolated', 'asset_symbol': 'USD', 'available_balance': '115.133462689085557633', 'required_additional_balance': '16.39426415'}}, 'success': False}
2026-07-24 17:28:04,094 [INFO] bot: Candle 2026-07-24 11:58:00 | close=64979.00 ema_fast=64990.15 ema_slow=64974.18 rsi=52.1 atr=32.50
2026-07-24 17:29:03,178 [INFO] bot: Candle 2026-07-24 11:59:00 | close=65042.00 ema_fast=65025.44 ema_slow=64993.79 rsi=59.4 atr=36.87
2026-07-24 17:29:03,663 [INFO] bot: Using fixed lot size from settings: 20
2026-07-24 17:29:03,664 [INFO] bot: SIGNAL LONG | real_market_price=65042.00 exec_price(testnet)=64655.80 sl=64618.93 tp=64711.11 size=20
2026-07-24 17:29:03,863 [ERROR] bot: Order placement failed: 400: {'error': {'code': 'insufficient_margin', 'context': {'margin_mode': 'isolated', 'asset_symbol': 'USD', 'available_balance': '115.133462689085557633', 'required_additional_balance': '16.47561287'}}, 'success': False}
2026-07-24 17:30:03,854 [INFO] bot: Candle 2026-07-24 12:00:00 | close=65042.50 ema_fast=65033.35 ema_slow=65001.97 rsi=59.4 atr=36.48
2026-07-24 17:30:04,361 [INFO] bot: Using fixed lot size from settings: 20
2026-07-24 17:30:04,361 [INFO] bot: SIGNAL LONG | real_market_price=65042.50 exec_price(testnet)=64655.80 sl=64619.32 tp=64710.52 size=20
2026-07-24 17:30:04,573 [ERROR] bot: Order placement failed: 400: {'error': {'code': 'insufficient_margin', 'context': {'margin_mode': 'isolated', 'asset_symbol': 'USD', 'available_balance': '115.133462689085557633', 'required_additional_balance': '16.47075623'}}, 'success': False}
2026-07-24 17:31:02,912 [INFO] bot: Candle 2026-07-24 12:01:00 | close=65022.50 ema_fast=65026.40 ema_slow=65003.07 rsi=56.0 atr=35.46
2026-07-24 17:31:03,092 [ERROR] bot: API error in cycle: 401: {'error': {'code': 'ip_not_whitelisted_for_api_key', 'context': {'client_ip': '103.207.65.104'}}, 'success': False}
2026-07-24 17:32:04,819 [INFO] bot: Candle 2026-07-24 12:02:00 | close=65023.50 ema_fast=65028.65 ema_slow=65007.76 rsi=55.7 atr=35.85
2026-07-24 17:32:04,997 [ERROR] bot: API error in cycle: 401: {'error': {'code': 'ip_not_whitelisted_for_api_key', 'context': {'client_ip': '103.207.65.104'}}, 'success': False}
2026-07-24 17:33:02,413 [INFO] bot: Candle 2026-07-24 12:03:00 | close=65003.00 ema_fast=65015.77 ema_slow=65004.69 rsi=52.4 atr=35.45
2026-07-24 17:33:02,591 [ERROR] bot: API error in cycle: 401: {'error': {'code': 'ip_not_whitelisted_for_api_key', 'context': {'client_ip': '103.207.65.104'}}, 'success': False}
2026-07-24 17:34:05,112 [INFO] bot: Candle 2026-07-24 12:04:00 | close=64970.00 ema_fast=64994.18 ema_slow=64996.25 rsi=47.5 atr=36.46
2026-07-24 17:34:05,281 [ERROR] bot: API error in cycle: 401: {'error': {'code': 'ip_not_whitelisted_for_api_key', 'context': {'client_ip': '103.207.65.104'}}, 'success': False}
2026-07-24 17:35:02,865 [INFO] bot: Candle 2026-07-24 12:05:00 | close=64986.50 ema_fast=64995.29 ema_slow=64996.88 rsi=50.0 atr=35.12
2026-07-24 17:35:03,049 [ERROR] bot: API error in cycle: 401: {'error': {'code': 'ip_not_whitelisted_for_api_key', 'context': {'client_ip': '103.207.65.104'}}, 'success': False}
2026-07-24 17:36:02,797 [INFO] bot: Candle 2026-07-24 12:06:00 | close=64967.00 ema_fast=64981.52 ema_slow=64990.22 rsi=47.1 atr=34.40
2026-07-24 17:36:02,991 [ERROR] bot: API error in cycle: 401: {'error': {'code': 'ip_not_whitelisted_for_api_key', 'context': {'client_ip': '103.207.65.104'}}, 'success': False}
2026-07-24 17:37:03,122 [INFO] bot: Candle 2026-07-24 12:07:00 | close=65021.00 ema_fast=65007.24 ema_slow=65001.54 rsi=54.8 atr=36.10
2026-07-24 17:37:03,291 [ERROR] bot: API error in cycle: 401: {'error': {'code': 'ip_not_whitelisted_for_api_key', 'context': {'client_ip': '103.207.65.104'}}, 'success': False}
2026-07-24 17:38:04,229 [INFO] bot: Candle 2026-07-24 12:08:00 | close=65012.50 ema_fast=65007.10 ema_slow=65002.06 rsi=53.5 atr=34.76
2026-07-24 17:38:04,397 [ERROR] bot: API error in cycle: 401: {'error': {'code': 'ip_not_whitelisted_for_api_key', 'context': {'client_ip': '103.207.65.104'}}, 'success': False}
2026-07-24 17:39:04,122 [INFO] bot: Candle 2026-07-24 12:09:00 | close=65014.00 ema_fast=65009.74 ema_slow=65003.95 rsi=53.7 atr=33.87
2026-07-24 17:39:04,290 [ERROR] bot: API error in cycle: 401: {'error': {'code': 'ip_not_whitelisted_for_api_key', 'context': {'client_ip': '103.207.65.104'}}, 'success': False}
2026-07-24 17:40:01,607 [INFO] bot: Candle 2026-07-24 12:10:00 | close=65062.50 ema_fast=65038.10 ema_slow=65018.25 rsi=60.1 atr=34.67
2026-07-24 17:40:02,224 [ERROR] bot: API error in cycle: 401: {'error': {'code': 'ip_not_whitelisted_for_api_key', 'context': {'client_ip': '103.207.65.104'}}, 'success': False}
2026-07-24 17:41:03,514 [INFO] bot: Candle 2026-07-24 12:11:00 | close=65053.00 ema_fast=65043.07 ema_slow=65023.22 rsi=58.3 atr=34.69
2026-07-24 17:41:03,691 [ERROR] bot: API error in cycle: 401: {'error': {'code': 'ip_not_whitelisted_for_api_key', 'context': {'client_ip': '103.207.65.104'}}, 'success': False}
2026-07-24 17:42:03,234 [INFO] bot: Candle 2026-07-24 12:12:00 | close=65076.50 ema_fast=65059.21 ema_slow=65033.58 rsi=61.8 atr=33.65
2026-07-24 17:42:03,411 [ERROR] bot: API error in cycle: 401: {'error': {'code': 'ip_not_whitelisted_for_api_key', 'context': {'client_ip': '103.207.65.104'}}, 'success': False}
2026-07-24 17:43:03,521 [INFO] bot: Candle 2026-07-24 12:13:00 | close=65044.00 ema_fast=65046.70 ema_slow=65030.97 rsi=55.7 atr=33.70
2026-07-24 17:43:03,699 [ERROR] bot: API error in cycle: 401: {'error': {'code': 'ip_not_whitelisted_for_api_key', 'context': {'client_ip': '103.207.65.104'}}, 'success': False}
2026-07-24 17:44:02,807 [INFO] bot: Candle 2026-07-24 12:14:00 | close=65043.00 ema_fast=65045.46 ema_slow=65032.69 rsi=55.5 atr=31.76
2026-07-24 17:44:03,037 [ERROR] bot: API error in cycle: 401: {'error': {'code': 'ip_not_whitelisted_for_api_key', 'context': {'client_ip': '103.207.65.104'}}, 'success': False}
2026-07-24 17:45:04,344 [INFO] bot: Candle 2026-07-24 12:15:00 | close=65048.00 ema_fast=65047.42 ema_slow=65035.49 rsi=56.3 atr=30.79
2026-07-24 17:45:05,034 [INFO] bot: Using fixed lot size from settings: 20
2026-07-24 17:45:05,035 [INFO] bot: SIGNAL LONG | real_market_price=65048.00 exec_price(testnet)=64655.80 sl=64625.01 tp=64701.99 size=20
2026-07-24 17:45:05,249 [ERROR] bot: Order placement failed: 400: {'error': {'code': 'insufficient_margin', 'context': {'margin_mode': 'isolated', 'asset_symbol': 'USD', 'available_balance': '114.786222449085557633', 'required_additional_balance': '16.82690031'}}, 'success': False}
2026-07-24 17:46:07,464 [INFO] bot: Candle 2026-07-24 12:16:00 | close=65036.00 ema_fast=65040.95 ema_slow=65034.09 rsi=53.9 atr=29.59
2026-07-24 17:47:04,994 [INFO] bot: Candle 2026-07-24 12:17:00 | close=65036.00 ema_fast=65039.30 ema_slow=65034.36 rsi=53.9 atr=28.48
2026-07-24 17:48:02,768 [INFO] bot: Candle 2026-07-24 12:18:00 | close=65056.00 ema_fast=65049.31 ema_slow=65039.90 rsi=57.5 atr=28.04
2026-07-24 17:48:03,299 [INFO] bot: Using fixed lot size from settings: 20
2026-07-24 17:48:03,299 [INFO] bot: SIGNAL LONG | real_market_price=65056.00 exec_price(testnet)=64655.80 sl=64627.76 tp=64697.86 size=20
2026-07-24 17:48:03,504 [ERROR] bot: Order placement failed: 400: {'error': {'code': 'insufficient_margin', 'context': {'margin_mode': 'isolated', 'asset_symbol': 'USD', 'available_balance': '114.786222449085557633', 'required_additional_balance': '16.83843483'}}, 'success': False}
2026-07-24 17:49:02,759 [INFO] bot: Candle 2026-07-24 12:19:00 | close=65027.00 ema_fast=65035.65 ema_slow=65034.63 rsi=51.3 atr=28.13
2026-07-24 17:50:03,115 [INFO] bot: Candle 2026-07-24 12:20:00 | close=65006.50 ema_fast=65021.38 ema_slow=65028.10 rsi=47.4 atr=27.55
2026-07-24 17:50:03,574 [INFO] bot: Using fixed lot size from settings: 20
2026-07-24 17:50:03,575 [INFO] bot: SIGNAL SHORT | real_market_price=65006.50 exec_price(testnet)=64655.80 sl=64683.35 tp=64614.47 size=20
2026-07-24 17:50:03,838 [ERROR] bot: Order placement failed: 400: {'error': {'code': 'insufficient_margin', 'context': {'margin_mode': 'isolated', 'asset_symbol': 'USD', 'available_balance': '114.786222449085557633', 'required_additional_balance': '16.82447755'}}, 'success': False}
2026-07-24 17:51:03,657 [INFO] bot: Candle 2026-07-24 12:21:00 | close=65001.00 ema_fast=65013.36 ema_slow=65023.56 rsi=46.4 atr=25.98
2026-07-24 17:51:04,134 [INFO] bot: Using fixed lot size from settings: 20
2026-07-24 17:51:04,134 [INFO] bot: SIGNAL SHORT | real_market_price=65001.00 exec_price(testnet)=64655.80 sl=64681.78 tp=64616.83 size=20
2026-07-24 17:51:04,331 [ERROR] bot: Order placement failed: 400: {'error': {'code': 'insufficient_margin', 'context': {'margin_mode': 'isolated', 'asset_symbol': 'USD', 'available_balance': '114.786222449085557633', 'required_additional_balance': '16.81212639'}}, 'success': False}
2026-07-24 17:52:03,571 [INFO] bot: Candle 2026-07-24 12:22:00 | close=65007.00 ema_fast=65012.46 ema_slow=65021.87 rsi=47.7 atr=25.85
2026-07-24 17:52:04,483 [INFO] bot: Using fixed lot size from settings: 20
2026-07-24 17:52:04,483 [INFO] bot: SIGNAL SHORT | real_market_price=65007.00 exec_price(testnet)=64655.80 sl=64681.65 tp=64617.02 size=20
2026-07-24 17:52:04,987 [ERROR] bot: Order placement failed: 400: {'error': {'code': 'insufficient_margin', 'context': {'margin_mode': 'isolated', 'asset_symbol': 'USD', 'available_balance': '114.786222449085557633', 'required_additional_balance': '16.82933702'}}, 'success': False}
2026-07-24 17:53:04,284 [INFO] bot: Candle 2026-07-24 12:23:00 | close=65038.50 ema_fast=65028.14 ema_slow=65028.10 rsi=54.1 atr=26.43
2026-07-24 17:53:04,753 [INFO] bot: Using fixed lot size from settings: 20
2026-07-24 17:53:04,753 [INFO] bot: SIGNAL LONG | real_market_price=65038.50 exec_price(testnet)=64655.80 sl=64629.37 tp=64695.44 size=20
2026-07-24 17:53:04,958 [ERROR] bot: Order placement failed: 400: {'error': {'code': 'insufficient_margin', 'context': {'margin_mode': 'isolated', 'asset_symbol': 'USD', 'available_balance': '114.786222449085557633', 'required_additional_balance': '16.80605723'}}, 'success': False}
2026-07-24 17:54:06,383 [INFO] bot: Candle 2026-07-24 12:24:00 | close=65082.00 ema_fast=65051.10 ema_slow=65038.55 rsi=61.3 atr=28.59
2026-07-24 17:54:07,689 [INFO] bot: Using fixed lot size from settings: 20
2026-07-24 17:54:07,690 [INFO] bot: SIGNAL LONG | real_market_price=65082.00 exec_price(testnet)=64655.80 sl=64627.21 tp=64698.69 size=20
2026-07-24 17:54:07,891 [ERROR] bot: Order placement failed: 400: {'error': {'code': 'insufficient_margin', 'context': {'margin_mode': 'isolated', 'asset_symbol': 'USD', 'available_balance': '114.786222449085557633', 'required_additional_balance': '16.88781067'}}, 'success': False}
2026-07-24 17:55:02,742 [INFO] bot: Candle 2026-07-24 12:25:00 | close=65096.00 ema_fast=65069.17 ema_slow=65048.48 rsi=63.2 atr=27.48
2026-07-24 17:55:04,273 [INFO] bot: Using fixed lot size from settings: 20
2026-07-24 17:55:04,273 [INFO] bot: SIGNAL LONG | real_market_price=65096.00 exec_price(testnet)=64655.80 sl=64628.32 tp=64697.02 size=20
2026-07-24 17:55:04,476 [ERROR] bot: Order placement failed: 400: {'error': {'code': 'insufficient_margin', 'context': {'margin_mode': 'isolated', 'asset_symbol': 'USD', 'available_balance': '30.91204964908555763300000000', 'required_additional_balance': '100.79395635'}}, 'success': False}
2026-07-24 17:56:04,158 [INFO] bot: Candle 2026-07-24 12:26:00 | close=65079.50 ema_fast=65069.17 ema_slow=65051.01 rsi=59.5 atr=30.16
2026-07-24 17:56:04,539 [INFO] bot: Already in a position, skipping signal check.
2026-07-24 17:57:03,792 [INFO] bot: Candle 2026-07-24 12:27:00 | close=65094.00 ema_fast=65080.11 ema_slow=65058.62 rsi=61.7 atr=29.85
2026-07-24 17:57:04,191 [INFO] bot: Already in a position, skipping signal check.
2026-07-24 17:58:03,281 [INFO] bot: Candle 2026-07-24 12:28:00 | close=65078.50 ema_fast=65076.35 ema_slow=65059.68 rsi=58.3 atr=30.08
2026-07-24 17:58:03,675 [INFO] bot: Already in a position, skipping signal check.
2026-07-24 17:59:03,086 [INFO] bot: Candle 2026-07-24 12:29:00 | close=65024.50 ema_fast=65047.07 ema_slow=65048.05 rsi=47.6 atr=31.85
2026-07-24 17:59:03,515 [INFO] bot: Already in a position, skipping signal check.
2026-07-24 18:00:03,177 [INFO] bot: Candle 2026-07-24 12:30:00 | close=64999.00 ema_fast=65025.60 ema_slow=65038.04 rsi=43.6 atr=31.70
2026-07-24 18:00:03,568 [INFO] bot: Already in a position, skipping signal check.
2026-07-24 18:01:05,052 [INFO] bot: Candle 2026-07-24 12:31:00 | close=65007.50 ema_fast=65023.35 ema_slow=65035.76 rsi=45.4 atr=31.93
2026-07-24 18:01:05,437 [INFO] bot: Already in a position, skipping signal check.
2026-07-24 18:02:04,724 [INFO] bot: Candle 2026-07-24 12:32:00 | close=65017.50 ema_fast=65023.62 ema_slow=65034.37 rsi=47.1 atr=30.45
2026-07-24 18:02:05,118 [INFO] bot: Already in a position, skipping signal check.
2026-07-24 18:03:02,000 [INFO] bot: Candle 2026-07-24 12:33:00 | close=65036.00 ema_fast=65031.64 ema_slow=65036.75 rsi=50.7 atr=29.51
2026-07-24 18:03:02,668 [INFO] bot: Already in a position, skipping signal check.
2026-07-24 18:04:04,047 [INFO] bot: Candle 2026-07-24 12:34:00 | close=65021.50 ema_fast=65026.37 ema_slow=65033.53 rsi=47.9 atr=28.33
2026-07-24 18:04:04,442 [INFO] bot: Already in a position, skipping signal check.
2026-07-24 18:05:03,631 [INFO] bot: Candle 2026-07-24 12:35:00 | close=64971.50 ema_fast=64996.75 ema_slow=65018.42 rsi=39.9 atr=29.79
2026-07-24 18:05:04,022 [INFO] bot: Already in a position, skipping signal check.
2026-07-24 18:06:03,068 [INFO] bot: Candle 2026-07-24 12:36:00 | close=64992.00 ema_fast=64999.72 ema_slow=65017.16 rsi=44.0 atr=29.29
2026-07-24 18:06:03,523 [INFO] bot: Using fixed lot size from settings: 20
2026-07-24 18:06:03,523 [INFO] bot: SIGNAL SHORT | real_market_price=64992.00 exec_price(testnet)=64655.80 sl=64685.09 tp=64611.87 size=20
2026-07-24 18:06:03,720 [ERROR] bot: Order placement failed: 400: {'error': {'code': 'insufficient_margin', 'context': {'margin_mode': 'isolated', 'asset_symbol': 'USD', 'available_balance': '97.729099949085557633', 'required_additional_balance': '33.84090197'}}, 'success': False}
2026-07-24 18:07:05,262 [INFO] bot: Candle 2026-07-24 12:37:00 | close=64964.00 ema_fast=64981.59 ema_slow=65006.14 rsi=40.0 atr=29.13
2026-07-24 18:07:06,611 [INFO] bot: Using fixed lot size from settings: 20
2026-07-24 18:07:06,611 [INFO] bot: SIGNAL SHORT | real_market_price=64964.00 exec_price(testnet)=64655.80 sl=64684.93 tp=64612.11 size=20
2026-07-24 18:07:06,817 [ERROR] bot: Order placement failed: 400: {'error': {'code': 'insufficient_margin', 'context': {'margin_mode': 'isolated', 'asset_symbol': 'USD', 'available_balance': '97.729099949085557633', 'required_additional_balance': '33.79331964'}}, 'success': False}
2026-07-24 18:08:04,883 [INFO] bot: Candle 2026-07-24 12:38:00 | close=64995.50 ema_fast=64995.67 ema_slow=65009.82 rsi=46.1 atr=31.26
2026-07-24 18:08:05,415 [INFO] bot: Using fixed lot size from settings: 20
2026-07-24 18:08:05,415 [INFO] bot: SIGNAL SHORT | real_market_price=64995.50 exec_price(testnet)=64655.80 sl=64687.06 tp=64608.92 size=20
2026-07-24 18:08:05,921 [ERROR] bot: Order placement failed: 400: {'error': {'code': 'insufficient_margin', 'context': {'margin_mode': 'isolated', 'asset_symbol': 'USD', 'available_balance': '97.729099949085557633', 'required_additional_balance': '33.85892251'}}, 'success': False}
2026-07-24 18:09:06,165 [INFO] bot: Candle 2026-07-24 12:39:00 | close=64992.50 ema_fast=64991.61 ema_slow=65005.69 rsi=46.1 atr=30.60
2026-07-24 18:10:02,088 [INFO] bot: Candle 2026-07-24 12:40:00 | close=65000.00 ema_fast=64995.08 ema_slow=65005.25 rsi=47.4 atr=29.20
2026-07-24 18:11:02,049 [INFO] bot: Candle 2026-07-24 12:41:00 | close=64983.50 ema_fast=64987.55 ema_slow=65000.12 rsi=44.8 atr=28.44
2026-07-24 18:11:02,568 [INFO] bot: Using fixed lot size from settings: 20
2026-07-24 18:11:02,569 [INFO] bot: SIGNAL SHORT | real_market_price=64983.50 exec_price(testnet)=64655.80 sl=64684.24 tp=64613.13 size=20
2026-07-24 18:11:02,777 [ERROR] bot: Order placement failed: 400: {'error': {'code': 'insufficient_margin', 'context': {'margin_mode': 'isolated', 'asset_symbol': 'USD', 'available_balance': '97.729099949085557633', 'required_additional_balance': '33.8396871'}}, 'success': False}
2026-07-24 18:12:04,434 [INFO] bot: Candle 2026-07-24 12:42:00 | close=64964.00 ema_fast=64976.03 ema_slow=64992.94 rsi=41.9 atr=27.79
2026-07-24 18:12:05,010 [INFO] bot: Using fixed lot size from settings: 20
2026-07-24 18:12:05,011 [INFO] bot: SIGNAL SHORT | real_market_price=64964.00 exec_price(testnet)=64655.80 sl=64683.59 tp=64614.12 size=20
2026-07-24 18:12:05,213 [ERROR] bot: Order placement failed: 400: {'error': {'code': 'insufficient_margin', 'context': {'margin_mode': 'isolated', 'asset_symbol': 'USD', 'available_balance': '97.729099949085557633', 'required_additional_balance': '33.79412955'}}, 'success': False}
2026-07-24 18:13:02,805 [INFO] bot: Candle 2026-07-24 12:43:00 | close=64924.00 ema_fast=64950.24 ema_slow=64978.44 rsi=36.7 atr=28.47
2026-07-24 18:13:03,356 [INFO] bot: Using fixed lot size from settings: 20
2026-07-24 18:13:03,357 [INFO] bot: SIGNAL SHORT | real_market_price=64924.00 exec_price(testnet)=64655.80 sl=64684.27 tp=64613.10 size=20
2026-07-24 18:13:03,562 [ERROR] bot: Order placement failed: 400: {'error': {'code': 'insufficient_margin', 'context': {'margin_mode': 'isolated', 'asset_symbol': 'USD', 'available_balance': '97.729099949085557633', 'required_additional_balance': '33.71212596'}}, 'success': False}
2026-07-24 18:14:05,453 [INFO] bot: Candle 2026-07-24 12:44:00 | close=64919.00 ema_fast=64940.27 ema_slow=64970.19 rsi=36.0 atr=28.06
2026-07-24 18:14:05,964 [INFO] bot: Using fixed lot size from settings: 20
2026-07-24 18:14:05,965 [INFO] bot: SIGNAL SHORT | real_market_price=64919.00 exec_price(testnet)=64655.80 sl=64683.86 tp=64613.71 size=20
2026-07-24 18:14:06,167 [ERROR] bot: Order placement failed: 400: {'error': {'code': 'insufficient_margin', 'context': {'margin_mode': 'isolated', 'asset_symbol': 'USD', 'available_balance': '97.729099949085557633', 'required_additional_balance': '33.71394827'}}, 'success': False}
2026-07-24 18:15:03,665 [INFO] bot: Candle 2026-07-24 12:45:00 | close=64899.00 ema_fast=64922.07 ema_slow=64957.57 rsi=33.6 atr=27.45
2026-07-24 18:15:04,158 [INFO] bot: Using fixed lot size from settings: 20
2026-07-24 18:15:04,158 [INFO] bot: SIGNAL SHORT | real_market_price=64899.00 exec_price(testnet)=64655.80 sl=64683.25 tp=64614.62 size=20
2026-07-24 18:15:04,379 [ERROR] bot: Order placement failed: 400: {'error': {'code': 'insufficient_margin', 'context': {'margin_mode': 'isolated', 'asset_symbol': 'USD', 'available_balance': '97.729099949085557633', 'required_additional_balance': '33.67082045'}}, 'success': False}
2026-07-24 18:16:03,475 [INFO] bot: Candle 2026-07-24 12:46:00 | close=64923.00 ema_fast=64927.71 ema_slow=64955.57 rsi=38.8 atr=27.75
2026-07-24 18:16:04,030 [INFO] bot: Using fixed lot size from settings: 20
2026-07-24 18:16:04,031 [INFO] bot: SIGNAL SHORT | real_market_price=64923.00 exec_price(testnet)=64655.80 sl=64683.55 tp=64614.18 size=20
2026-07-24 18:16:04,240 [ERROR] bot: Order placement failed: 400: {'error': {'code': 'insufficient_margin', 'context': {'margin_mode': 'isolated', 'asset_symbol': 'USD', 'available_balance': '97.729099949085557633', 'required_additional_balance': '33.70645658'}}, 'success': False}
2026-07-24 18:17:03,155 [INFO] bot: Candle 2026-07-24 12:47:00 | close=64864.50 ema_fast=64897.42 ema_slow=64937.48 rsi=32.1 atr=30.17
2026-07-24 18:17:03,689 [INFO] bot: Using fixed lot size from settings: 20
2026-07-24 18:17:03,690 [INFO] bot: SIGNAL SHORT | real_market_price=64864.50 exec_price(testnet)=64655.80 sl=64685.97 tp=64610.55 size=20
2026-07-24 18:17:03,898 [ERROR] bot: Order placement failed: 400: {'error': {'code': 'insufficient_margin', 'context': {'margin_mode': 'isolated', 'asset_symbol': 'USD', 'available_balance': '97.729099949085557633', 'required_additional_balance': '33.59286642'}}, 'success': False}
2026-07-24 18:18:04,557 [INFO] bot: Candle 2026-07-24 12:48:00 | close=64857.50 ema_fast=64880.34 ema_slow=64923.97 rsi=32.6 atr=30.50
2026-07-24 18:18:06,185 [INFO] bot: Using fixed lot size from settings: 20
2026-07-24 18:18:06,185 [INFO] bot: SIGNAL SHORT | real_market_price=64857.50 exec_price(testnet)=64655.80 sl=64686.30 tp=64610.06 size=20
2026-07-24 18:18:06,395 [ERROR] bot: Order placement failed: 400: {'error': {'code': 'insufficient_margin', 'context': {'margin_mode': 'isolated', 'asset_symbol': 'USD', 'available_balance': '97.729099949085557633', 'required_additional_balance': '33.54163949'}}, 'success': False}
2026-07-24 18:19:03,636 [INFO] bot: Candle 2026-07-24 12:49:00 | close=64830.50 ema_fast=64857.50 ema_slow=64907.19 rsi=29.0 atr=31.44
2026-07-24 18:19:04,089 [INFO] bot: Using fixed lot size from settings: 20
2026-07-24 18:19:04,089 [INFO] bot: SIGNAL SHORT | real_market_price=64830.50 exec_price(testnet)=64655.80 sl=64687.24 tp=64608.64 size=20
2026-07-24 18:19:04,448 [ERROR] bot: Order placement failed: 400: {'error': {'code': 'insufficient_margin', 'context': {'margin_mode': 'isolated', 'asset_symbol': 'USD', 'available_balance': '97.729099949085557633', 'required_additional_balance': '33.49972654'}}, 'success': False}
2026-07-24 18:20:03,816 [INFO] bot: Candle 2026-07-24 12:50:00 | close=64825.00 ema_fast=64845.45 ema_slow=64894.78 rsi=28.4 atr=31.22
2026-07-24 18:20:04,280 [INFO] bot: Using fixed lot size from settings: 20
2026-07-24 18:20:04,280 [INFO] bot: SIGNAL SHORT | real_market_price=64825.00 exec_price(testnet)=64655.80 sl=64687.02 tp=64608.97 size=20
2026-07-24 18:20:04,490 [ERROR] bot: Order placement failed: 400: {'error': {'code': 'insufficient_margin', 'context': {'margin_mode': 'isolated', 'asset_symbol': 'USD', 'available_balance': '97.729099949085557633', 'required_additional_balance': '33.50499097'}}, 'success': False}
2026-07-24 18:21:03,556 [INFO] bot: Candle 2026-07-24 12:51:00 | close=64831.00 ema_fast=64841.96 ema_slow=64886.40 rsi=29.9 atr=29.96
2026-07-24 18:21:03,990 [INFO] bot: Using fixed lot size from settings: 20
2026-07-24 18:21:03,990 [INFO] bot: SIGNAL SHORT | real_market_price=64831.00 exec_price(testnet)=64655.80 sl=64685.76 tp=64610.86 size=20
2026-07-24 18:21:07,288 [ERROR] bot: Order placement failed: 400: {'error': {'code': 'bracket_order_immediate_execution'}, 'success': False}
2026-07-24 18:22:04,286 [INFO] bot: Candle 2026-07-24 12:52:00 | close=64847.00 ema_fast=64846.98 ema_slow=64882.61 rsi=33.7 atr=29.22
2026-07-24 18:22:04,676 [INFO] bot: Already in a position, skipping signal check.
2026-07-24 18:23:02,136 [INFO] bot: Candle 2026-07-24 12:53:00 | close=64827.00 ema_fast=64837.87 ema_slow=64873.32 rsi=31.2 atr=28.64
2026-07-24 18:23:02,654 [INFO] bot: Already in a position, skipping signal check.
2026-07-24 18:24:02,053 [INFO] bot: Candle 2026-07-24 12:54:00 | close=64805.50 ema_fast=64822.30 ema_slow=64861.00 rsi=28.9 atr=28.82
2026-07-24 18:24:02,443 [INFO] bot: Already in a position, skipping signal check.
2026-07-24 18:25:04,141 [INFO] bot: Candle 2026-07-24 12:55:00 | close=64826.50 ema_fast=64828.04 ema_slow=64858.46 rsi=34.1 atr=28.46
2026-07-24 18:25:04,520 [INFO] bot: Already in a position, skipping signal check.
2026-07-24 18:26:02,320 [INFO] bot: Candle 2026-07-24 12:56:00 | close=64861.00 ema_fast=64846.91 ema_slow=64863.17 rsi=41.6 atr=29.48
2026-07-24 18:26:02,757 [INFO] bot: Already in a position, skipping signal check.
2026-07-24 18:27:02,963 [INFO] bot: Candle 2026-07-24 12:57:00 | close=64738.50 ema_fast=64783.78 ema_slow=64830.48 rsi=29.1 atr=36.11
2026-07-24 18:27:03,357 [INFO] bot: Already in a position, skipping signal check.
2026-07-24 18:28:02,933 [INFO] bot: Candle 2026-07-24 12:58:00 | close=64752.00 ema_fast=64776.18 ema_slow=64820.92 rsi=31.4 atr=35.49
2026-07-24 18:28:03,319 [INFO] bot: Already in a position, skipping signal check.
2026-07-24 18:29:02,989 [INFO] bot: Candle 2026-07-24 12:59:00 | close=64763.50 ema_fast=64774.51 ema_slow=64814.13 rsi=33.5 atr=33.69
2026-07-24 18:29:03,458 [INFO] bot: Already in a position, skipping signal check.
2026-07-24 18:30:02,514 [INFO] bot: Candle 2026-07-24 13:00:00 | close=64752.50 ema_fast=64764.73 ema_slow=64803.98 rsi=32.5 atr=32.94
2026-07-24 18:30:02,969 [INFO] bot: Already in a position, skipping signal check.
2026-07-24 18:31:05,017 [INFO] bot: Candle 2026-07-24 13:01:00 | close=64727.00 ema_fast=64750.60 ema_slow=64792.12 rsi=30.1 atr=35.09
2026-07-24 18:31:05,422 [INFO] bot: Already in a position, skipping signal check.
2026-07-24 18:32:05,224 [INFO] bot: Candle 2026-07-24 13:02:00 | close=64713.00 ema_fast=64732.84 ema_slow=64777.94 rsi=30.1 atr=35.17
2026-07-24 18:32:06,016 [INFO] bot: Using fixed lot size from settings: 20
2026-07-24 18:32:06,016 [INFO] bot: SIGNAL SHORT | real_market_price=64713.00 exec_price(testnet)=64655.80 sl=64690.97 tp=64603.05 size=20
2026-07-24 18:32:07,770 [ERROR] bot: Order placement failed: 400: {'error': {'code': 'bracket_order_immediate_execution'}, 'success': False}
2026-07-24 18:33:02,449 [INFO] bot: Candle 2026-07-24 13:03:00 | close=64696.50 ema_fast=64717.28 ema_slow=64764.41 rsi=27.5 atr=34.42
2026-07-24 18:33:02,637 [ERROR] bot: API error in cycle: 401: {'error': {'code': 'invalid_api_key'}, 'success': False}
2026-07-24 18:34:03,927 [INFO] bot: Candle 2026-07-24 13:04:00 | close=64685.50 ema_fast=64704.47 ema_slow=64751.91 rsi=26.5 atr=34.42
2026-07-24 18:34:04,104 [ERROR] bot: API error in cycle: 401: {'error': {'code': 'invalid_api_key'}, 'success': False}
2026-07-24 18:35:02,527 [INFO] bot: Candle 2026-07-24 13:05:00 | close=64687.00 ema_fast=64698.98 ema_slow=64742.82 rsi=26.8 atr=33.66
2026-07-24 18:35:02,707 [ERROR] bot: API error in cycle: 401: {'error': {'code': 'invalid_api_key'}, 'success': False}
2026-07-24 18:36:04,042 [INFO] bot: Candle 2026-07-24 13:06:00 | close=64542.50 ema_fast=64618.60 ema_slow=64698.65 rsi=17.6 atr=46.70
2026-07-24 18:36:04,228 [ERROR] bot: API error in cycle: 401: {'error': {'code': 'invalid_api_key'}, 'success': False}
2026-07-24 18:37:03,254 [INFO] bot: Candle 2026-07-24 13:07:00 | close=64509.00 ema_fast=64577.95 ema_slow=64669.30 rsi=16.2 atr=49.38
2026-07-24 18:37:03,424 [ERROR] bot: API error in cycle: 401: {'error': {'code': 'invalid_api_key'}, 'success': False}
2026-07-24 18:38:02,333 [INFO] bot: Candle 2026-07-24 13:08:00 | close=64425.00 ema_fast=64506.86 ema_slow=64623.31 rsi=14.4 atr=55.80
2026-07-24 18:38:02,495 [ERROR] bot: API error in cycle: 401: {'error': {'code': 'invalid_api_key'}, 'success': False}
2026-07-24 18:39:03,829 [INFO] bot: Candle 2026-07-24 13:09:00 | close=64404.00 ema_fast=64467.91 ema_slow=64589.41 rsi=12.8 atr=55.24
2026-07-24 18:39:03,992 [ERROR] bot: API error in cycle: 401: {'error': {'code': 'invalid_api_key'}, 'success': False}
2026-07-24 18:40:03,349 [INFO] bot: Candle 2026-07-24 13:10:00 | close=64385.00 ema_fast=64435.71 ema_slow=64557.70 rsi=12.5 atr=56.28
2026-07-24 18:40:03,524 [ERROR] bot: API error in cycle: 401: {'error': {'code': 'invalid_api_key'}, 'success': False}
2026-07-24 18:41:02,736 [INFO] bot: Candle 2026-07-24 13:11:00 | close=64410.50 ema_fast=64432.09 ema_slow=64539.30 rsi=17.5 atr=56.72
2026-07-24 18:41:02,916 [ERROR] bot: API error in cycle: 401: {'error': {'code': 'invalid_api_key'}, 'success': False}
2026-07-24 18:42:02,680 [INFO] bot: Candle 2026-07-24 13:12:00 | close=64429.00 ema_fast=64431.50 ema_slow=64523.79 rsi=21.2 atr=56.14
2026-07-24 18:42:02,883 [ERROR] bot: API error in cycle: 401: {'error': {'code': 'invalid_api_key'}, 'success': False}
2026-07-24 18:43:03,269 [INFO] bot: Candle 2026-07-24 13:13:00 | close=64378.50 ema_fast=64402.50 ema_slow=64496.79 rsi=16.6 atr=56.25
2026-07-24 18:43:03,456 [ERROR] bot: API error in cycle: 401: {'error': {'code': 'invalid_api_key'}, 'success': False}
2026-07-24 18:44:03,238 [INFO] bot: Candle 2026-07-24 13:14:00 | close=64338.00 ema_fast=64372.89 ema_slow=64469.64 rsi=14.9 atr=56.00
2026-07-24 18:44:03,429 [ERROR] bot: API error in cycle: 401: {'error': {'code': 'invalid_api_key'}, 'success': False}
2026-07-24 18:45:03,900 [INFO] bot: Candle 2026-07-24 13:15:00 | close=64346.00 ema_fast=64366.37 ema_slow=64453.32 rsi=16.4 atr=53.38
2026-07-24 18:45:04,088 [ERROR] bot: API error in cycle: 401: {'error': {'code': 'invalid_api_key'}, 'success': False}
2026-07-24 18:46:03,234 [INFO] bot: Candle 2026-07-24 13:16:00 | close=64390.50 ema_fast=64384.30 ema_slow=64449.80 rsi=24.8 atr=54.15
2026-07-24 18:46:03,403 [ERROR] bot: API error in cycle: 401: {'error': {'code': 'invalid_api_key'}, 'success': False}
2026-07-24 18:47:02,403 [INFO] bot: Candle 2026-07-24 13:17:00 | close=64422.00 ema_fast=64403.87 ema_slow=64449.68 rsi=30.4 atr=52.80
2026-07-24 18:47:02,583 [ERROR] bot: API error in cycle: 401: {'error': {'code': 'invalid_api_key'}, 'success': False}
2026-07-24 18:48:04,199 [INFO] bot: Candle 2026-07-24 13:18:00 | close=64478.00 ema_fast=64441.02 ema_slow=64460.58 rsi=39.1 atr=55.07
2026-07-24 18:48:04,355 [ERROR] bot: API error in cycle: 401: {'error': {'code': 'invalid_api_key'}, 'success': False}
2026-07-24 18:49:01,599 [INFO] bot: Candle 2026-07-24 13:19:00 | close=64497.00 ema_fast=64463.68 ema_slow=64467.99 rsi=41.8 atr=54.16
2026-07-24 18:49:01,769 [ERROR] bot: API error in cycle: 401: {'error': {'code': 'invalid_api_key'}, 'success': False}
2026-07-24 18:50:03,459 [INFO] bot: Candle 2026-07-24 13:20:00 | close=64463.50 ema_fast=64458.95 ema_slow=64464.78 rsi=38.5 atr=54.47
2026-07-24 18:50:03,647 [ERROR] bot: API error in cycle: 401: {'error': {'code': 'invalid_api_key'}, 'success': False}
2026-07-24 18:51:02,839 [INFO] bot: Candle 2026-07-24 13:21:00 | close=64476.50 ema_fast=64466.47 ema_slow=64467.37 rsi=40.1 atr=51.50
2026-07-24 18:51:03,013 [ERROR] bot: API error in cycle: 401: {'error': {'code': 'invalid_api_key'}, 'success': False}
2026-07-24 18:52:02,312 [INFO] bot: Candle 2026-07-24 13:22:00 | close=64456.00 ema_fast=64458.65 ema_slow=64463.36 rsi=37.7 atr=49.22
2026-07-24 18:52:02,493 [ERROR] bot: API error in cycle: 401: {'error': {'code': 'invalid_api_key'}, 'success': False}
2026-07-24 18:53:03,763 [INFO] bot: Candle 2026-07-24 13:23:00 | close=64437.00 ema_fast=64445.10 ema_slow=64456.10 rsi=36.6 atr=49.47
2026-07-24 18:53:03,939 [ERROR] bot: API error in cycle: 401: {'error': {'code': 'invalid_api_key'}, 'success': False}
2026-07-24 18:54:03,200 [INFO] bot: Candle 2026-07-24 13:24:00 | close=64443.00 ema_fast=64445.73 ema_slow=64454.97 rsi=37.6 atr=47.83
2026-07-24 18:54:03,374 [ERROR] bot: API error in cycle: 401: {'error': {'code': 'invalid_api_key'}, 'success': False}
2026-07-24 18:55:02,483 [INFO] bot: Candle 2026-07-24 13:25:00 | close=64373.50 ema_fast=64405.99 ema_slow=64434.70 rsi=31.4 atr=50.06
2026-07-24 18:55:02,659 [ERROR] bot: API error in cycle: 401: {'error': {'code': 'invalid_api_key'}, 'success': False}
2026-07-24 18:56:04,212 [INFO] bot: Candle 2026-07-24 13:26:00 | close=64372.50 ema_fast=64394.83 ema_slow=64425.81 rsi=31.3 atr=48.18
2026-07-24 18:56:04,390 [ERROR] bot: API error in cycle: 401: {'error': {'code': 'invalid_api_key'}, 'success': False}
2026-07-24 18:57:03,813 [INFO] bot: Candle 2026-07-24 13:27:00 | close=64412.50 ema_fast=64409.61 ema_slow=64428.81 rsi=38.1 atr=47.99
2026-07-24 18:57:03,976 [ERROR] bot: API error in cycle: 401: {'error': {'code': 'invalid_api_key'}, 'success': False}
2026-07-24 18:58:03,388 [INFO] bot: Candle 2026-07-24 13:28:00 | close=64405.50 ema_fast=64406.90 ema_slow=64424.74 rsi=37.4 atr=45.96
2026-07-24 18:58:03,554 [ERROR] bot: API error in cycle: 401: {'error': {'code': 'invalid_api_key'}, 'success': False}
2026-07-24 18:59:03,344 [INFO] bot: Candle 2026-07-24 13:29:00 | close=64382.50 ema_fast=64395.10 ema_slow=64416.69 rsi=35.0 atr=44.57
2026-07-24 18:59:03,517 [ERROR] bot: API error in cycle: 401: {'error': {'code': 'invalid_api_key'}, 'success': False}
2026-07-24 19:00:02,863 [INFO] bot: Candle 2026-07-24 13:30:00 | close=64364.50 ema_fast=64380.35 ema_slow=64406.72 rsi=33.6 atr=43.33
2026-07-24 19:00:03,060 [ERROR] bot: API error in cycle: 401: {'error': {'code': 'invalid_api_key'}, 'success': False}
2026-07-24 19:01:02,163 [INFO] bot: Candle 2026-07-24 13:31:00 | close=64293.00 ema_fast=64336.01 ema_slow=64382.09 rsi=27.5 atr=46.95
2026-07-24 19:01:02,336 [ERROR] bot: API error in cycle: 401: {'error': {'code': 'invalid_api_key'}, 'success': False}
2026-07-24 19:02:04,190 [INFO] bot: Candle 2026-07-24 13:32:00 | close=64296.50 ema_fast=64323.95 ema_slow=64370.47 rsi=28.0 atr=45.62
2026-07-24 19:02:04,355 [ERROR] bot: API error in cycle: 401: {'error': {'code': 'invalid_api_key'}, 'success': False}
2026-07-24 19:03:01,805 [INFO] bot: Candle 2026-07-24 13:33:00 | close=64275.50 ema_fast=64302.91 ema_slow=64354.21 rsi=26.6 atr=44.36
2026-07-24 19:03:01,981 [ERROR] bot: API error in cycle: 401: {'error': {'code': 'invalid_api_key'}, 'success': False}
2026-07-24 19:04:03,443 [INFO] bot: Candle 2026-07-24 13:34:00 | close=64283.00 ema_fast=64298.16 ema_slow=64345.08 rsi=28.2 atr=43.78
2026-07-24 19:04:03,623 [ERROR] bot: API error in cycle: 401: {'error': {'code': 'invalid_api_key'}, 'success': False}
2026-07-24 19:05:02,948 [INFO] bot: Candle 2026-07-24 13:35:00 | close=64293.50 ema_fast=64297.39 ema_slow=64338.14 rsi=30.4 atr=42.82
2026-07-24 19:05:03,133 [ERROR] bot: API error in cycle: 401: {'error': {'code': 'invalid_api_key'}, 'success': False}
2026-07-24 19:06:02,734 [INFO] bot: Candle 2026-07-24 13:36:00 | close=64305.50 ema_fast=64302.76 ema_slow=64334.95 rsi=32.9 atr=41.25
2026-07-24 19:06:02,940 [ERROR] bot: API error in cycle: 401: {'error': {'code': 'invalid_api_key'}, 'success': False}
2026-07-24 19:07:04,727 [INFO] bot: Candle 2026-07-24 13:37:00 | close=64266.00 ema_fast=64281.73 ema_slow=64320.26 rsi=29.2 atr=42.09
2026-07-24 19:07:04,894 [ERROR] bot: API error in cycle: 401: {'error': {'code': 'invalid_api_key'}, 'success': False}
2026-07-24 19:08:03,997 [INFO] bot: Candle 2026-07-24 13:38:00 | close=64320.00 ema_fast=64303.26 ema_slow=64325.06 rsi=39.5 atr=44.40
2026-07-24 19:08:04,172 [ERROR] bot: API error in cycle: 401: {'error': {'code': 'invalid_api_key'}, 'success': False}
2026-07-24 19:09:03,459 [INFO] bot: Candle 2026-07-24 13:39:00 | close=64248.00 ema_fast=64270.18 ema_slow=64305.97 rsi=31.5 atr=48.32
2026-07-24 19:09:03,630 [ERROR] bot: API error in cycle: 401: {'error': {'code': 'invalid_api_key'}, 'success': False}
2026-07-24 19:10:03,039 [INFO] bot: Candle 2026-07-24 13:40:00 | close=64262.50 ema_fast=64271.95 ema_slow=64302.15 rsi=34.0 atr=48.11
2026-07-24 19:10:03,208 [ERROR] bot: API error in cycle: 401: {'error': {'code': 'invalid_api_key'}, 'success': False}
2026-07-24 19:11:02,529 [INFO] bot: Candle 2026-07-24 13:41:00 | close=64253.00 ema_fast=64263.52 ema_slow=64293.96 rsi=33.1 atr=48.39
2026-07-24 19:11:02,709 [ERROR] bot: API error in cycle: 401: {'error': {'code': 'invalid_api_key'}, 'success': False}
2026-07-24 19:12:04,264 [INFO] bot: Candle 2026-07-24 13:42:00 | close=64238.50 ema_fast=64252.51 ema_slow=64284.57 rsi=31.7 atr=47.67
2026-07-24 19:12:04,443 [ERROR] bot: API error in cycle: 401: {'error': {'code': 'invalid_api_key'}, 'success': False}
2026-07-24 19:13:01,489 [INFO] bot: Candle 2026-07-24 13:43:00 | close=64263.50 ema_fast=64261.40 ema_slow=64284.44 rsi=36.4 atr=49.15
2026-07-24 19:13:01,669 [ERROR] bot: API error in cycle: 401: {'error': {'code': 'invalid_api_key'}, 'success': False}
2026-07-24 19:14:01,246 [INFO] bot: Candle 2026-07-24 13:44:00 | close=64335.00 ema_fast=64302.15 ema_slow=64300.60 rsi=48.0 atr=53.97
2026-07-24 19:14:01,416 [ERROR] bot: API error in cycle: 401: {'error': {'code': 'invalid_api_key'}, 'success': False}
2026-07-24 19:15:03,509 [INFO] bot: Candle 2026-07-24 13:45:00 | close=64375.00 ema_fast=64338.55 ema_slow=64317.90 rsi=52.8 atr=55.83
2026-07-24 19:15:03,724 [ERROR] bot: API error in cycle: 401: {'error': {'code': 'invalid_api_key'}, 'success': False}
2026-07-24 19:16:03,047 [INFO] bot: Candle 2026-07-24 13:46:00 | close=64406.50 ema_fast=64367.42 ema_slow=64333.99 rsi=56.7 atr=54.78
2026-07-24 19:16:03,229 [ERROR] bot: API error in cycle: 401: {'error': {'code': 'invalid_api_key'}, 'success': False}
2026-07-24 19:17:02,411 [INFO] bot: Candle 2026-07-24 13:47:00 | close=64393.50 ema_fast=64373.00 ema_slow=64340.77 rsi=54.9 atr=53.49
2026-07-24 19:17:02,593 [ERROR] bot: API error in cycle: 401: {'error': {'code': 'invalid_api_key'}, 'success': False}
2026-07-24 19:18:02,024 [INFO] bot: Candle 2026-07-24 13:48:00 | close=64312.50 ema_fast=64335.06 ema_slow=64326.94 rsi=44.7 atr=55.61
2026-07-24 19:18:02,203 [ERROR] bot: API error in cycle: 401: {'error': {'code': 'invalid_api_key'}, 'success': False}
2026-07-24 19:19:03,647 [INFO] bot: Candle 2026-07-24 13:49:00 | close=64302.00 ema_fast=64319.48 ema_slow=64320.87 rsi=44.0 atr=56.17
2026-07-24 19:19:03,809 [ERROR] bot: API error in cycle: 401: {'error': {'code': 'invalid_api_key'}, 'success': False}
2026-07-24 19:20:03,132 [INFO] bot: Candle 2026-07-24 13:50:00 | close=64252.00 ema_fast=64287.54 ema_slow=64305.82 rsi=38.6 atr=56.14
2026-07-24 19:20:03,311 [ERROR] bot: API error in cycle: 401: {'error': {'code': 'invalid_api_key'}, 'success': False}
2026-07-24 19:21:03,145 [INFO] bot: Candle 2026-07-24 13:51:00 | close=64172.00 ema_fast=64233.03 ema_slow=64277.89 rsi=32.2 atr=58.08
2026-07-24 19:21:03,318 [ERROR] bot: API error in cycle: 401: {'error': {'code': 'invalid_api_key'}, 'success': False}
2026-07-24 19:22:05,110 [INFO] bot: Candle 2026-07-24 13:52:00 | close=64115.50 ema_fast=64180.63 ema_slow=64247.41 rsi=28.9 atr=58.62
2026-07-24 19:22:05,280 [ERROR] bot: API error in cycle: 401: {'error': {'code': 'invalid_api_key'}, 'success': False}
